<!doctype html public "-//w3c//dtd html 4.0 transitional//en">
<html><head>
<title>Static Call Graph - [LoRaWAN_End_Node\LoRaWAN_End_Node.axf]</title></head>
<body><HR>
<H1>Static Call Graph for image LoRaWAN_End_Node\LoRaWAN_End_Node.axf</H1><HR>
<BR><P>#&#060CALLGRAPH&#062# ARM Linker, 6160001: Last Updated: Mon Nov 20 15:58:00 2023
<BR><P>
<H3>Maximum Stack Usage =       1128 bytes + Unknown(Functions without stacksize, Cycles, Untraceable Function Pointers)</H3><H3>
Call chain for Maximum Stack Depth:</H3>
Thd_LmHandlerProcess_Entry &rArr; LmHandlerProcess &rArr; LoRaMacProcess &rArr; LoRaMacCryptoUnsecureMessage &rArr; SecureElementVerifyAesCmac &rArr; ComputeCmac &rArr; AES_CMAC_Final &rArr; lorawan_aes_encrypt
<P>
<H3>
Functions with no stack information
</H3><UL>
 <LI><a href="#[144]">__user_initial_stackheap</a>
 <LI><a href="#[312]">_tx_initialize_low_level</a>
 <LI><a href="#[10b]">__tx_BadHandler</a>
 <LI><a href="#[10c]">__tx_HardfaultHandler</a>
 <LI><a href="#[10d]">__tx_SVCallHandler</a>
 <LI><a href="#[10e]">__tx_IntHandler</a>
 <LI><a href="#[2c]">SysTick_Handler</a>
 <LI><a href="#[383]">__tx_SysTickHandler</a>
 <LI><a href="#[112]">__tx_NMIHandler</a>
 <LI><a href="#[113]">__tx_DBGHandler</a>
 <LI><a href="#[315]">_tx_thread_schedule</a>
 <LI><a href="#[2b]">PendSV_Handler</a>
 <LI><a href="#[384]">__tx_PendSVHandler</a>
 <LI><a href="#[31d]">_tx_thread_stack_build</a>
 <LI><a href="#[111]">_tx_timer_interrupt</a>
</UL>
</UL>
<P>
<H3>
Mutually Recursive functions
</H3> <LI><a href="#[29]">SVC_Handler</a>&nbsp;&nbsp;&nbsp;&rArr;&nbsp;&nbsp;&nbsp;<a href="#[29]">SVC_Handler</a><BR>
 <LI><a href="#[3f]">ADC_IRQHandler</a>&nbsp;&nbsp;&nbsp;&rArr;&nbsp;&nbsp;&nbsp;<a href="#[3f]">ADC_IRQHandler</a><BR>
 <LI><a href="#[27]">BusFault_Handler</a>&nbsp;&nbsp;&nbsp;&rArr;&nbsp;&nbsp;&nbsp;<a href="#[27]">BusFault_Handler</a><BR>
 <LI><a href="#[25]">HardFault_Handler</a>&nbsp;&nbsp;&nbsp;&rArr;&nbsp;&nbsp;&nbsp;<a href="#[25]">HardFault_Handler</a><BR>
 <LI><a href="#[26]">MemManage_Handler</a>&nbsp;&nbsp;&nbsp;&rArr;&nbsp;&nbsp;&nbsp;<a href="#[26]">MemManage_Handler</a><BR>
 <LI><a href="#[24]">NMI_Handler</a>&nbsp;&nbsp;&nbsp;&rArr;&nbsp;&nbsp;&nbsp;<a href="#[24]">NMI_Handler</a><BR>
 <LI><a href="#[28]">UsageFault_Handler</a>&nbsp;&nbsp;&nbsp;&rArr;&nbsp;&nbsp;&nbsp;<a href="#[28]">UsageFault_Handler</a><BR>
 <LI><a href="#[a0]">RadioSetModem</a>&nbsp;&nbsp;&nbsp;&rArr;&nbsp;&nbsp;&nbsp;<a href="#[a0]">RadioSetModem</a><BR>
 <LI><a href="#[9b]">AppTaskIDLE</a>&nbsp;&nbsp;&nbsp;&rArr;&nbsp;&nbsp;&nbsp;<a href="#[9b]">AppTaskIDLE</a><BR>
</UL>
<P>
<H3>
Function Pointers
</H3><UL>
 <LI><a href="#[3f]">ADC_IRQHandler</a> from startup_stm32wle5xx.o(.text) referenced from startup_stm32wle5xx.o(RESET)
 <LI><a href="#[5d]">AES_IRQHandler</a> from startup_stm32wle5xx.o(.text) referenced from startup_stm32wle5xx.o(RESET)
 <LI><a href="#[9b]">AppTaskIDLE</a> from app_azure_rtos.o(.text.AppTaskIDLE) referenced 2 times from app_azure_rtos.o(.text.tx_application_define)
 <LI><a href="#[9d]">AppTaskModbus</a> from app_azure_rtos.o(.text.AppTaskModbus) referenced 2 times from app_azure_rtos.o(.text.tx_application_define)
 <LI><a href="#[9c]">AppTaskPrint</a> from app_azure_rtos.o(.text.AppTaskPrint) referenced 2 times from app_azure_rtos.o(.text.tx_application_define)
 <LI><a href="#[89]">App_Main_Thread_Entry</a> from lora_app.o(.text.App_Main_Thread_Entry) referenced 2 times from app_lorawan.o(.text.MX_LoRaWAN_Init)
 <LI><a href="#[27]">BusFault_Handler</a> from stm32wlxx_it.o(.text.BusFault_Handler) referenced from startup_stm32wle5xx.o(RESET)
 <LI><a href="#[41]">COMP_IRQHandler</a> from startup_stm32wle5xx.o(.text) referenced from startup_stm32wle5xx.o(RESET)
 <LI><a href="#[40]">DAC_IRQHandler</a> from startup_stm32wle5xx.o(.text) referenced from startup_stm32wle5xx.o(RESET)
 <LI><a href="#[38]">DMA1_Channel1_IRQHandler</a> from startup_stm32wle5xx.o(.text) referenced from startup_stm32wle5xx.o(RESET)
 <LI><a href="#[39]">DMA1_Channel2_IRQHandler</a> from startup_stm32wle5xx.o(.text) referenced from startup_stm32wle5xx.o(RESET)
 <LI><a href="#[3a]">DMA1_Channel3_IRQHandler</a> from startup_stm32wle5xx.o(.text) referenced from startup_stm32wle5xx.o(RESET)
 <LI><a href="#[3b]">DMA1_Channel4_IRQHandler</a> from startup_stm32wle5xx.o(.text) referenced from startup_stm32wle5xx.o(RESET)
 <LI><a href="#[3c]">DMA1_Channel5_IRQHandler</a> from stm32wlxx_it.o(.text.DMA1_Channel5_IRQHandler) referenced from startup_stm32wle5xx.o(RESET)
 <LI><a href="#[3d]">DMA1_Channel6_IRQHandler</a> from startup_stm32wle5xx.o(.text) referenced from startup_stm32wle5xx.o(RESET)
 <LI><a href="#[3e]">DMA1_Channel7_IRQHandler</a> from startup_stm32wle5xx.o(.text) referenced from startup_stm32wle5xx.o(RESET)
 <LI><a href="#[60]">DMA2_Channel1_IRQHandler</a> from startup_stm32wle5xx.o(.text) referenced from startup_stm32wle5xx.o(RESET)
 <LI><a href="#[61]">DMA2_Channel2_IRQHandler</a> from startup_stm32wle5xx.o(.text) referenced from startup_stm32wle5xx.o(RESET)
 <LI><a href="#[62]">DMA2_Channel3_IRQHandler</a> from startup_stm32wle5xx.o(.text) referenced from startup_stm32wle5xx.o(RESET)
 <LI><a href="#[63]">DMA2_Channel4_IRQHandler</a> from startup_stm32wle5xx.o(.text) referenced from startup_stm32wle5xx.o(RESET)
 <LI><a href="#[64]">DMA2_Channel5_IRQHandler</a> from startup_stm32wle5xx.o(.text) referenced from startup_stm32wle5xx.o(RESET)
 <LI><a href="#[65]">DMA2_Channel6_IRQHandler</a> from startup_stm32wle5xx.o(.text) referenced from startup_stm32wle5xx.o(RESET)
 <LI><a href="#[66]">DMA2_Channel7_IRQHandler</a> from startup_stm32wle5xx.o(.text) referenced from startup_stm32wle5xx.o(RESET)
 <LI><a href="#[67]">DMAMUX1_OVR_IRQHandler</a> from startup_stm32wle5xx.o(.text) referenced from startup_stm32wle5xx.o(RESET)
 <LI><a href="#[2a]">DebugMon_Handler</a> from stm32wlxx_it.o(.text.DebugMon_Handler) referenced from startup_stm32wle5xx.o(RESET)
 <LI><a href="#[33]">EXTI0_IRQHandler</a> from stm32wlxx_it.o(.text.EXTI0_IRQHandler) referenced from startup_stm32wle5xx.o(RESET)
 <LI><a href="#[55]">EXTI15_10_IRQHandler</a> from startup_stm32wle5xx.o(.text) referenced from startup_stm32wle5xx.o(RESET)
 <LI><a href="#[34]">EXTI1_IRQHandler</a> from startup_stm32wle5xx.o(.text) referenced from startup_stm32wle5xx.o(RESET)
 <LI><a href="#[35]">EXTI2_IRQHandler</a> from startup_stm32wle5xx.o(.text) referenced from startup_stm32wle5xx.o(RESET)
 <LI><a href="#[36]">EXTI3_IRQHandler</a> from startup_stm32wle5xx.o(.text) referenced from startup_stm32wle5xx.o(RESET)
 <LI><a href="#[37]">EXTI4_IRQHandler</a> from startup_stm32wle5xx.o(.text) referenced from startup_stm32wle5xx.o(RESET)
 <LI><a href="#[42]">EXTI9_5_IRQHandler</a> from startup_stm32wle5xx.o(.text) referenced from startup_stm32wle5xx.o(RESET)
 <LI><a href="#[31]">FLASH_IRQHandler</a> from startup_stm32wle5xx.o(.text) referenced from startup_stm32wle5xx.o(RESET)
 <LI><a href="#[0]">GetBatteryLevel</a> from sys_app.o(.text.GetBatteryLevel) referenced 2 times from lora_app.o(.data..L_MergedGlobals)
 <LI><a href="#[3]">GetDevAddr</a> from sys_app.o(.text.GetDevAddr) referenced 2 times from lora_app.o(.data..L_MergedGlobals)
 <LI><a href="#[1]">GetTemperatureLevel</a> from sys_app.o(.text.GetTemperatureLevel) referenced 2 times from lora_app.o(.data..L_MergedGlobals)
 <LI><a href="#[2]">GetUniqueId</a> from sys_app.o(.text.GetUniqueId) referenced 2 times from lora_app.o(.data..L_MergedGlobals)
 <LI><a href="#[59]">HSEM_IRQHandler</a> from startup_stm32wle5xx.o(.text) referenced from startup_stm32wle5xx.o(RESET)
 <LI><a href="#[25]">HardFault_Handler</a> from stm32wlxx_it.o(.text.HardFault_Handler) referenced from startup_stm32wle5xx.o(RESET)
 <LI><a href="#[4b]">I2C1_ER_IRQHandler</a> from startup_stm32wle5xx.o(.text) referenced from startup_stm32wle5xx.o(RESET)
 <LI><a href="#[4a]">I2C1_EV_IRQHandler</a> from startup_stm32wle5xx.o(.text) referenced from startup_stm32wle5xx.o(RESET)
 <LI><a href="#[4d]">I2C2_ER_IRQHandler</a> from startup_stm32wle5xx.o(.text) referenced from startup_stm32wle5xx.o(RESET)
 <LI><a href="#[4c]">I2C2_EV_IRQHandler</a> from startup_stm32wle5xx.o(.text) referenced from startup_stm32wle5xx.o(RESET)
 <LI><a href="#[5b]">I2C3_ER_IRQHandler</a> from startup_stm32wle5xx.o(.text) referenced from startup_stm32wle5xx.o(RESET)
 <LI><a href="#[5a]">I2C3_EV_IRQHandler</a> from startup_stm32wle5xx.o(.text) referenced from startup_stm32wle5xx.o(RESET)
 <LI><a href="#[53]">LPTIM1_IRQHandler</a> from startup_stm32wle5xx.o(.text) referenced from startup_stm32wle5xx.o(RESET)
 <LI><a href="#[54]">LPTIM2_IRQHandler</a> from startup_stm32wle5xx.o(.text) referenced from startup_stm32wle5xx.o(RESET)
 <LI><a href="#[57]">LPTIM3_IRQHandler</a> from startup_stm32wle5xx.o(.text) referenced from startup_stm32wle5xx.o(RESET)
 <LI><a href="#[52]">LPUART1_IRQHandler</a> from startup_stm32wle5xx.o(.text) referenced from startup_stm32wle5xx.o(RESET)
 <LI><a href="#[78]">LmHandlerDeviceTimeReq</a> from lmhandler.o(.text.LmHandlerDeviceTimeReq) referenced 2 times from lmhandler.o(.text.LmHandlerInit)
 <LI><a href="#[76]">LmHandlerJoin</a> from lmhandler.o(.text.LmHandlerJoin) referenced 2 times from lmhandler.o(.text.LmHandlerInit)
 <LI><a href="#[77]">LmHandlerSend</a> from lmhandler.o(.text.LmHandlerSend) referenced 2 times from lmhandler.o(.text.LmHandlerInit)
 <LI><a href="#[12]">LmhpComplianceInit</a> from lmhpcompliance.o(.text.LmhpComplianceInit) referenced 2 times from lmhpcompliance.o(.data.LmhpCompliancePackage)
 <LI><a href="#[13]">LmhpComplianceIsInitialized</a> from lmhpcompliance.o(.text.LmhpComplianceIsInitialized) referenced 2 times from lmhpcompliance.o(.data.LmhpCompliancePackage)
 <LI><a href="#[14]">LmhpComplianceIsRunning</a> from lmhpcompliance.o(.text.LmhpComplianceIsRunning) referenced 2 times from lmhpcompliance.o(.data.LmhpCompliancePackage)
 <LI><a href="#[16]">LmhpComplianceOnMcpsConfirm</a> from lmhpcompliance.o(.text.LmhpComplianceOnMcpsConfirm) referenced 2 times from lmhpcompliance.o(.data.LmhpCompliancePackage)
 <LI><a href="#[17]">LmhpComplianceOnMcpsIndication</a> from lmhpcompliance.o(.text.LmhpComplianceOnMcpsIndication) referenced 2 times from lmhpcompliance.o(.data.LmhpCompliancePackage)
 <LI><a href="#[18]">LmhpComplianceOnMlmeConfirm</a> from lmhpcompliance.o(.text.LmhpComplianceOnMlmeConfirm) referenced 2 times from lmhpcompliance.o(.data.LmhpCompliancePackage)
 <LI><a href="#[15]">LmhpComplianceProcess</a> from lmhpcompliance.o(.text.LmhpComplianceProcess) referenced 2 times from lmhpcompliance.o(.data.LmhpCompliancePackage)
 <LI><a href="#[71]">McpsConfirm</a> from lmhandler.o(.text.McpsConfirm) referenced 2 times from lmhandler.o(.text.LmHandlerInit)
 <LI><a href="#[72]">McpsIndication</a> from lmhandler.o(.text.McpsIndication) referenced 2 times from lmhandler.o(.text.LmHandlerInit)
 <LI><a href="#[26]">MemManage_Handler</a> from stm32wlxx_it.o(.text.MemManage_Handler) referenced from startup_stm32wle5xx.o(RESET)
 <LI><a href="#[73]">MlmeConfirm</a> from lmhandler.o(.text.MlmeConfirm) referenced 2 times from lmhandler.o(.text.LmHandlerInit)
 <LI><a href="#[74]">MlmeIndication</a> from lmhandler.o(.text.MlmeIndication) referenced 2 times from lmhandler.o(.text.LmHandlerInit)
 <LI><a href="#[24]">NMI_Handler</a> from stm32wlxx_it.o(.text.NMI_Handler) referenced from startup_stm32wle5xx.o(RESET)
 <LI><a href="#[75]">NvmDataMgmtEvent</a> from nvmdatamgmt.o(.text.NvmDataMgmtEvent) referenced 2 times from lmhandler.o(.text.LmHandlerInit)
 <LI><a href="#[7d]">OnAckTimeoutTimerEvent</a> from loramac.o(.text.OnAckTimeoutTimerEvent) referenced 2 times from loramac.o(.text.LoRaMacInitialization)
 <LI><a href="#[c]">OnBeaconStatusChange</a> from lora_app.o(.text.OnBeaconStatusChange) referenced 2 times from lora_app.o(.data..L_MergedGlobals)
 <LI><a href="#[b]">OnClassChange</a> from lora_app.o(.text.OnClassChange) referenced 2 times from lora_app.o(.data..L_MergedGlobals)
 <LI><a href="#[79]">OnComplianceTxNextPacketTimerEvent</a> from lmhpcompliance.o(.text.OnComplianceTxNextPacketTimerEvent) referenced 2 times from lmhpcompliance.o(.text.LmhpComplianceOnMcpsIndication)
 <LI><a href="#[8]">OnJoinRequest</a> from lora_app.o(.text.OnJoinRequest) referenced 2 times from lora_app.o(.data..L_MergedGlobals)
 <LI><a href="#[6]">OnMacProcessNotify</a> from lora_app.o(.text.OnMacProcessNotify) referenced 2 times from lora_app.o(.data..L_MergedGlobals)
 <LI><a href="#[7]">OnNvmDataChange</a> from lora_app.o(.text.OnNvmDataChange) referenced 2 times from lora_app.o(.data..L_MergedGlobals)
 <LI><a href="#[10]">OnPingSlotPeriodicityChanged</a> from lora_app.o(.text.OnPingSlotPeriodicityChanged) referenced 2 times from lora_app.o(.data..L_MergedGlobals)
 <LI><a href="#[7e]">OnRadioRxDone</a> from loramac.o(.text.OnRadioRxDone) referenced 2 times from loramac.o(.text.LoRaMacInitialization)
 <LI><a href="#[82]">OnRadioRxError</a> from loramac.o(.text.OnRadioRxError) referenced 2 times from loramac.o(.text.LoRaMacInitialization)
 <LI><a href="#[7f]">OnRadioRxTimeout</a> from loramac.o(.text.OnRadioRxTimeout) referenced 2 times from loramac.o(.text.LoRaMacInitialization)
 <LI><a href="#[80]">OnRadioTxDone</a> from loramac.o(.text.OnRadioTxDone) referenced 2 times from loramac.o(.text.LoRaMacInitialization)
 <LI><a href="#[81]">OnRadioTxTimeout</a> from loramac.o(.text.OnRadioTxTimeout) referenced 2 times from loramac.o(.text.LoRaMacInitialization)
 <LI><a href="#[4]">OnRestoreContextRequest</a> from lora_app.o(.text.OnRestoreContextRequest) referenced 2 times from lora_app.o(.data..L_MergedGlobals)
 <LI><a href="#[a]">OnRxData</a> from lora_app.o(.text.OnRxData) referenced 2 times from lora_app.o(.data..L_MergedGlobals)
 <LI><a href="#[7b]">OnRxWindow1TimerEvent</a> from loramac.o(.text.OnRxWindow1TimerEvent) referenced 2 times from loramac.o(.text.LoRaMacInitialization)
 <LI><a href="#[7c]">OnRxWindow2TimerEvent</a> from loramac.o(.text.OnRxWindow2TimerEvent) referenced 2 times from loramac.o(.text.LoRaMacInitialization)
 <LI><a href="#[84]">OnStopJoinTimerEvent</a> from lora_app.o(.text.OnStopJoinTimerEvent) referenced 2 times from lora_app.o(.text.LoRaWAN_Init)
 <LI><a href="#[5]">OnStoreContextRequest</a> from lora_app.o(.text.OnStoreContextRequest) referenced 2 times from lora_app.o(.data..L_MergedGlobals)
 <LI><a href="#[d]">OnSysTimeUpdate</a> from lora_app.o(.text.OnSysTimeUpdate) referenced 2 times from lora_app.o(.data..L_MergedGlobals)
 <LI><a href="#[11]">OnSystemReset</a> from lora_app.o(.text.OnSystemReset) referenced 2 times from lora_app.o(.data..L_MergedGlobals)
 <LI><a href="#[9]">OnTxData</a> from lora_app.o(.text.OnTxData) referenced 2 times from lora_app.o(.data..L_MergedGlobals)
 <LI><a href="#[7a]">OnTxDelayedTimerEvent</a> from loramac.o(.text.OnTxDelayedTimerEvent) referenced 2 times from loramac.o(.text.LoRaMacInitialization)
 <LI><a href="#[f]">OnTxFrameCtrlChanged</a> from lora_app.o(.text.OnTxFrameCtrlChanged) referenced 2 times from lora_app.o(.data..L_MergedGlobals)
 <LI><a href="#[e]">OnTxPeriodicityChanged</a> from lora_app.o(.text.OnTxPeriodicityChanged) referenced 2 times from lora_app.o(.data..L_MergedGlobals)
 <LI><a href="#[88]">OnTxTimerEvent</a> from lora_app.o(.text.OnTxTimerEvent) referenced 2 times from lora_app.o(.text.LoRaWAN_Init)
 <LI><a href="#[83]">OnTxTimerLedEvent</a> from lora_app.o(.text.OnTxTimerLedEvent) referenced 2 times from lora_app.o(.text.LoRaWAN_Init)
 <LI><a href="#[5f]">PKA_IRQHandler</a> from startup_stm32wle5xx.o(.text) referenced from startup_stm32wle5xx.o(RESET)
 <LI><a href="#[2e]">PVD_PVM_IRQHandler</a> from startup_stm32wle5xx.o(.text) referenced from startup_stm32wle5xx.o(RESET)
 <LI><a href="#[2b]">PendSV_Handler</a> from tx_thread_schedule.o(.text) referenced from startup_stm32wle5xx.o(RESET)
 <LI><a href="#[32]">RCC_IRQHandler</a> from startup_stm32wle5xx.o(.text) referenced from startup_stm32wle5xx.o(RESET)
 <LI><a href="#[be]">RFW_ReceiveLongPacket</a> from radio_fw.o(.text.RFW_ReceiveLongPacket) referenced from radio.o(.rodata.Radio)
 <LI><a href="#[bd]">RFW_TransmitLongPacket</a> from radio_fw.o(.text.RFW_TransmitLongPacket) referenced from radio.o(.rodata.Radio)
 <LI><a href="#[5e]">RNG_IRQHandler</a> from startup_stm32wle5xx.o(.text) referenced from startup_stm32wle5xx.o(RESET)
 <LI><a href="#[56]">RTC_Alarm_IRQHandler</a> from stm32wlxx_it.o(.text.RTC_Alarm_IRQHandler) referenced from startup_stm32wle5xx.o(RESET)
 <LI><a href="#[30]">RTC_WKUP_IRQHandler</a> from startup_stm32wle5xx.o(.text) referenced from startup_stm32wle5xx.o(RESET)
 <LI><a href="#[a6]">RadioCheckRfFrequency</a> from radio.o(.text.RadioCheckRfFrequency) referenced from radio.o(.rodata.Radio)
 <LI><a href="#[9f]">RadioGetStatus</a> from radio.o(.text.RadioGetStatus) referenced from radio.o(.rodata.Radio)
 <LI><a href="#[b5]">RadioGetWakeupTime</a> from radio.o(.text.RadioGetWakeupTime) referenced from radio.o(.rodata.Radio)
 <LI><a href="#[9e]">RadioInit</a> from radio.o(.text.RadioInit) referenced from radio.o(.rodata.Radio)
 <LI><a href="#[b6]">RadioIrqProcess</a> from radio.o(.text.RadioIrqProcess) referenced from radio.o(.rodata.Radio)
 <LI><a href="#[a2]">RadioIsChannelFree</a> from radio.o(.text.RadioIsChannelFree) referenced from radio.o(.rodata.Radio)
 <LI><a href="#[c0]">RadioLrFhssGetTimeOnAirInMs</a> from radio.o(.text.RadioLrFhssGetTimeOnAirInMs) referenced from radio.o(.rodata.Radio)
 <LI><a href="#[bf]">RadioLrFhssSetCfg</a> from radio.o(.text.RadioLrFhssSetCfg) referenced from radio.o(.rodata.Radio)
 <LI><a href="#[8a]">RadioOnDioIrq</a> from radio.o(.text.RadioOnDioIrq) referenced 2 times from radio.o(.text.RadioInit)
 <LI><a href="#[8c]">RadioOnRxTimeoutIrq</a> from radio.o(.text.RadioOnRxTimeoutIrq) referenced 2 times from radio.o(.text.RadioInit)
 <LI><a href="#[8b]">RadioOnTxTimeoutIrq</a> from radio.o(.text.RadioOnTxTimeoutIrq) referenced 2 times from radio.o(.text.RadioInit)
 <LI><a href="#[a3]">RadioRandom</a> from radio.o(.text.RadioRandom) referenced from radio.o(.rodata.Radio)
 <LI><a href="#[b0]">RadioRead</a> from radio.o(.text.RadioRead) referenced from radio.o(.rodata.Radio)
 <LI><a href="#[b2]">RadioReadRegisters</a> from radio.o(.text.RadioReadRegisters) referenced from radio.o(.rodata.Radio)
 <LI><a href="#[ae]">RadioRssi</a> from radio.o(.text.RadioRssi) referenced from radio.o(.rodata.Radio)
 <LI><a href="#[ab]">RadioRx</a> from radio.o(.text.RadioRx) referenced from radio.o(.rodata.Radio)
 <LI><a href="#[b7]">RadioRxBoosted</a> from radio.o(.text.RadioRxBoosted) referenced from radio.o(.rodata.Radio)
 <LI><a href="#[a8]">RadioSend</a> from radio.o(.text.RadioSend) referenced from radio.o(.rodata.Radio)
 <LI><a href="#[a1]">RadioSetChannel</a> from radio.o(.text.RadioSetChannel) referenced from radio.o(.rodata.Radio)
 <LI><a href="#[b3]">RadioSetMaxPayloadLength</a> from radio.o(.text.RadioSetMaxPayloadLength) referenced from radio.o(.rodata.Radio)
 <LI><a href="#[a0]">RadioSetModem</a> from radio.o(.text.RadioSetModem) referenced from radio.o(.rodata.Radio)
 <LI><a href="#[b4]">RadioSetPublicNetwork</a> from radio.o(.text.RadioSetPublicNetwork) referenced from radio.o(.rodata.Radio)
 <LI><a href="#[a4]">RadioSetRxConfig</a> from radio.o(.text.RadioSetRxConfig) referenced from radio.o(.rodata.Radio)
 <LI><a href="#[b8]">RadioSetRxDutyCycle</a> from radio.o(.text.RadioSetRxDutyCycle) referenced from radio.o(.rodata.Radio)
 <LI><a href="#[bb]">RadioSetRxGenericConfig</a> from radio.o(.text.RadioSetRxGenericConfig) referenced from radio.o(.rodata.Radio)
 <LI><a href="#[a5]">RadioSetTxConfig</a> from radio.o(.text.RadioSetTxConfig) referenced from radio.o(.rodata.Radio)
 <LI><a href="#[ad]">RadioSetTxContinuousWave</a> from radio.o(.text.RadioSetTxContinuousWave) referenced from radio.o(.rodata.Radio)
 <LI><a href="#[bc]">RadioSetTxGenericConfig</a> from radio.o(.text.RadioSetTxGenericConfig) referenced from radio.o(.rodata.Radio)
 <LI><a href="#[a9]">RadioSleep</a> from radio.o(.text.RadioSleep) referenced from radio.o(.rodata.Radio)
 <LI><a href="#[aa]">RadioStandby</a> from radio.o(.text.RadioStandby) referenced from radio.o(.rodata.Radio)
 <LI><a href="#[ac]">RadioStartCad</a> from radio.o(.text.RadioStartCad) referenced from radio.o(.rodata.Radio)
 <LI><a href="#[a7]">RadioTimeOnAir</a> from radio.o(.text.RadioTimeOnAir) referenced from radio.o(.rodata.Radio)
 <LI><a href="#[ba]">RadioTxCw</a> from radio.o(.text.RadioTxCw) referenced from radio.o(.rodata.Radio)
 <LI><a href="#[b9]">RadioTxPrbs</a> from radio.o(.text.RadioTxPrbs) referenced from radio.o(.rodata.Radio)
 <LI><a href="#[af]">RadioWrite</a> from radio.o(.text.RadioWrite) referenced from radio.o(.rodata.Radio)
 <LI><a href="#[b1]">RadioWriteRegisters</a> from radio.o(.text.RadioWriteRegisters) referenced from radio.o(.rodata.Radio)
 <LI><a href="#[23]">Reset_Handler</a> from startup_stm32wle5xx.o(.text) referenced from startup_stm32wle5xx.o(RESET)
 <LI><a href="#[4e]">SPI1_IRQHandler</a> from startup_stm32wle5xx.o(.text) referenced from startup_stm32wle5xx.o(RESET)
 <LI><a href="#[4f]">SPI2_IRQHandler</a> from startup_stm32wle5xx.o(.text) referenced from startup_stm32wle5xx.o(RESET)
 <LI><a href="#[58]">SUBGHZSPI_IRQHandler</a> from startup_stm32wle5xx.o(.text) referenced from startup_stm32wle5xx.o(RESET)
 <LI><a href="#[5c]">SUBGHZ_Radio_IRQHandler</a> from stm32wlxx_it.o(.text.SUBGHZ_Radio_IRQHandler) referenced from startup_stm32wle5xx.o(RESET)
 <LI><a href="#[29]">SVC_Handler</a> from startup_stm32wle5xx.o(.text) referenced from startup_stm32wle5xx.o(RESET)
 <LI><a href="#[2c]">SysTick_Handler</a> from tx_initialize_low_level.o(.text) referenced from startup_stm32wle5xx.o(RESET)
 <LI><a href="#[68]">SystemInit</a> from system_stm32wlxx.o(.text.SystemInit) referenced from startup_stm32wle5xx.o(.text)
 <LI><a href="#[2f]">TAMP_STAMP_LSECSS_SSRU_IRQHandler</a> from stm32wlxx_it.o(.text.TAMP_STAMP_LSECSS_SSRU_IRQHandler) referenced from startup_stm32wle5xx.o(RESET)
 <LI><a href="#[48]">TIM16_IRQHandler</a> from stm32wlxx_it.o(.text.TIM16_IRQHandler) referenced from startup_stm32wle5xx.o(RESET)
 <LI><a href="#[49]">TIM17_IRQHandler</a> from startup_stm32wle5xx.o(.text) referenced from startup_stm32wle5xx.o(RESET)
 <LI><a href="#[43]">TIM1_BRK_IRQHandler</a> from startup_stm32wle5xx.o(.text) referenced from startup_stm32wle5xx.o(RESET)
 <LI><a href="#[46]">TIM1_CC_IRQHandler</a> from startup_stm32wle5xx.o(.text) referenced from startup_stm32wle5xx.o(RESET)
 <LI><a href="#[45]">TIM1_TRG_COM_IRQHandler</a> from startup_stm32wle5xx.o(.text) referenced from startup_stm32wle5xx.o(RESET)
 <LI><a href="#[44]">TIM1_UP_IRQHandler</a> from startup_stm32wle5xx.o(.text) referenced from startup_stm32wle5xx.o(RESET)
 <LI><a href="#[47]">TIM2_IRQHandler</a> from startup_stm32wle5xx.o(.text) referenced from startup_stm32wle5xx.o(RESET)
 <LI><a href="#[c2]">TIMER_IF_BkUp_Read_Seconds</a> from timer_if.o(.text.TIMER_IF_BkUp_Read_Seconds) referenced from timer_if.o(.rodata.UTIL_SYSTIMDriver)
 <LI><a href="#[c4]">TIMER_IF_BkUp_Read_SubSeconds</a> from timer_if.o(.text.TIMER_IF_BkUp_Read_SubSeconds) referenced from timer_if.o(.rodata.UTIL_SYSTIMDriver)
 <LI><a href="#[c1]">TIMER_IF_BkUp_Write_Seconds</a> from timer_if.o(.text.TIMER_IF_BkUp_Write_Seconds) referenced from timer_if.o(.rodata.UTIL_SYSTIMDriver)
 <LI><a href="#[c3]">TIMER_IF_BkUp_Write_SubSeconds</a> from timer_if.o(.text.TIMER_IF_BkUp_Write_SubSeconds) referenced from timer_if.o(.rodata.UTIL_SYSTIMDriver)
 <LI><a href="#[cf]">TIMER_IF_Convert_Tick2ms</a> from timer_if.o(.text.TIMER_IF_Convert_Tick2ms) referenced from timer_if.o(.rodata.UTIL_TimerDriver)
 <LI><a href="#[ce]">TIMER_IF_Convert_ms2Tick</a> from timer_if.o(.text.TIMER_IF_Convert_ms2Tick) referenced from timer_if.o(.rodata.UTIL_TimerDriver)
 <LI><a href="#[cd]">TIMER_IF_GetMinimumTimeout</a> from timer_if.o(.text.TIMER_IF_GetMinimumTimeout) referenced from timer_if.o(.rodata.UTIL_TimerDriver)
 <LI><a href="#[c5]">TIMER_IF_GetTime</a> from timer_if.o(.text.TIMER_IF_GetTime) referenced from timer_if.o(.rodata.UTIL_SYSTIMDriver)
 <LI><a href="#[ca]">TIMER_IF_GetTimerContext</a> from timer_if.o(.text.TIMER_IF_GetTimerContext) referenced from timer_if.o(.rodata.UTIL_TimerDriver)
 <LI><a href="#[cb]">TIMER_IF_GetTimerElapsedTime</a> from timer_if.o(.text.TIMER_IF_GetTimerElapsedTime) referenced from timer_if.o(.rodata.UTIL_TimerDriver)
 <LI><a href="#[cc]">TIMER_IF_GetTimerValue</a> from timer_if.o(.text.TIMER_IF_GetTimerValue) referenced from timer_if.o(.rodata.UTIL_TimerDriver)
 <LI><a href="#[c6]">TIMER_IF_Init</a> from timer_if.o(.text.TIMER_IF_Init) referenced from timer_if.o(.rodata.UTIL_TimerDriver)
 <LI><a href="#[c9]">TIMER_IF_SetTimerContext</a> from timer_if.o(.text.TIMER_IF_SetTimerContext) referenced from timer_if.o(.rodata.UTIL_TimerDriver)
 <LI><a href="#[c7]">TIMER_IF_StartTimer</a> from timer_if.o(.text.TIMER_IF_StartTimer) referenced from timer_if.o(.rodata.UTIL_TimerDriver)
 <LI><a href="#[c8]">TIMER_IF_StopTimer</a> from timer_if.o(.text.TIMER_IF_StopTimer) referenced from timer_if.o(.rodata.UTIL_TimerDriver)
 <LI><a href="#[92]">TRACE_TxCpltCallback</a> from stm32_adv_trace.o(.text.TRACE_TxCpltCallback) referenced 2 times from stm32_adv_trace.o(.text.UTIL_ADV_TRACE_Init)
 <LI><a href="#[85]">Thd_LmHandlerProcess_Entry</a> from lora_app.o(.text.Thd_LmHandlerProcess_Entry) referenced 2 times from lora_app.o(.text.LoRaWAN_Init)
 <LI><a href="#[87]">Thd_StopJoin_Entry</a> from lora_app.o(.text.Thd_StopJoin_Entry) referenced 2 times from lora_app.o(.text.LoRaWAN_Init)
 <LI><a href="#[86]">Thd_StoreContext_Entry</a> from lora_app.o(.text.Thd_StoreContext_Entry) referenced 2 times from lora_app.o(.text.LoRaWAN_Init)
 <LI><a href="#[8d]">TimestampNow</a> from sys_app.o(.text.TimestampNow) referenced 2 times from sys_app.o(.text.SystemApp_Init)
 <LI><a href="#[6d]">UART_DMAAbortOnError</a> from stm32wlxx_hal_uart.o(.text.UART_DMAAbortOnError) referenced 2 times from stm32wlxx_hal_uart.o(.text.HAL_UART_IRQHandler)
 <LI><a href="#[6e]">UART_DMAError</a> from stm32wlxx_hal_uart.o(.text.UART_DMAError) referenced 2 times from stm32wlxx_hal_uart.o(.text.HAL_UART_Transmit_DMA)
 <LI><a href="#[6f]">UART_DMATransmitCplt</a> from stm32wlxx_hal_uart.o(.text.UART_DMATransmitCplt) referenced 2 times from stm32wlxx_hal_uart.o(.text.HAL_UART_Transmit_DMA)
 <LI><a href="#[70]">UART_DMATxHalfCplt</a> from stm32wlxx_hal_uart.o(.text.UART_DMATxHalfCplt) referenced 2 times from stm32wlxx_hal_uart.o(.text.HAL_UART_Transmit_DMA)
 <LI><a href="#[8e]">UART_RxISR_16BIT</a> from stm32wlxx_hal_uart.o(.text.UART_RxISR_16BIT) referenced 2 times from stm32wlxx_hal_uart.o(.text.UART_RxISR_16BIT_FIFOEN)
 <LI><a href="#[8e]">UART_RxISR_16BIT</a> from stm32wlxx_hal_uart.o(.text.UART_RxISR_16BIT) referenced 2 times from stm32wlxx_hal_uart.o(.text.UART_Start_Receive_IT)
 <LI><a href="#[91]">UART_RxISR_16BIT_FIFOEN</a> from stm32wlxx_hal_uart.o(.text.UART_RxISR_16BIT_FIFOEN) referenced 2 times from stm32wlxx_hal_uart.o(.text.UART_Start_Receive_IT)
 <LI><a href="#[8f]">UART_RxISR_8BIT</a> from stm32wlxx_hal_uart.o(.text.UART_RxISR_8BIT) referenced 2 times from stm32wlxx_hal_uart.o(.text.UART_RxISR_8BIT_FIFOEN)
 <LI><a href="#[8f]">UART_RxISR_8BIT</a> from stm32wlxx_hal_uart.o(.text.UART_RxISR_8BIT) referenced 4 times from stm32wlxx_hal_uart.o(.text.UART_Start_Receive_IT)
 <LI><a href="#[90]">UART_RxISR_8BIT_FIFOEN</a> from stm32wlxx_hal_uart.o(.text.UART_RxISR_8BIT_FIFOEN) referenced 4 times from stm32wlxx_hal_uart.o(.text.UART_Start_Receive_IT)
 <LI><a href="#[50]">USART1_IRQHandler</a> from stm32wlxx_it.o(.text.USART1_IRQHandler) referenced from startup_stm32wle5xx.o(RESET)
 <LI><a href="#[51]">USART2_IRQHandler</a> from stm32wlxx_it.o(.text.USART2_IRQHandler) referenced from startup_stm32wle5xx.o(RESET)
 <LI><a href="#[28]">UsageFault_Handler</a> from stm32wlxx_it.o(.text.UsageFault_Handler) referenced from startup_stm32wle5xx.o(RESET)
 <LI><a href="#[2d]">WWDG_IRQHandler</a> from startup_stm32wle5xx.o(.text) referenced from startup_stm32wle5xx.o(RESET)
 <LI><a href="#[69]">__main</a> from __main.o(!!!main) referenced from startup_stm32wle5xx.o(.text)
 <LI><a href="#[6c]">_get_lc_ctype</a> from lc_ctype_c.o(locale$$code) referenced from rt_ctype_table.o(.text)
 <LI><a href="#[6b]">_printf_input_char</a> from _printf_char_common.o(.text) referenced from _printf_char_common.o(.text)
 <LI><a href="#[6a]">_snputc</a> from _snputc.o(.text) referenced from vsnprintf.o(.text)
 <LI><a href="#[93]">_tx_byte_pool_cleanup</a> from tx_byte_pool_cleanup.o(.text._tx_byte_pool_cleanup) referenced 2 times from tx_byte_allocate.o(.text._tx_byte_allocate)
 <LI><a href="#[93]">_tx_byte_pool_cleanup</a> from tx_byte_pool_cleanup.o(.text._tx_byte_pool_cleanup) referenced 2 times from tx_byte_pool_cleanup.o(.text._tx_byte_pool_cleanup)
 <LI><a href="#[94]">_tx_mutex_cleanup</a> from tx_mutex_cleanup.o(.text._tx_mutex_cleanup) referenced 2 times from tx_mutex_cleanup.o(.text._tx_mutex_cleanup)
 <LI><a href="#[94]">_tx_mutex_cleanup</a> from tx_mutex_cleanup.o(.text._tx_mutex_cleanup) referenced 2 times from tx_mutex_get.o(.text._tx_mutex_get)
 <LI><a href="#[96]">_tx_thread_shell_entry</a> from tx_thread_shell_entry.o(.text._tx_thread_shell_entry) referenced 2 times from tx_thread_create.o(.text._tx_thread_create)
 <LI><a href="#[95]">_tx_thread_timeout</a> from tx_thread_timeout.o(.text._tx_thread_timeout) referenced 2 times from tx_thread_create.o(.text._tx_thread_create)
 <LI><a href="#[97]">_tx_timer_thread_entry</a> from tx_timer_thread_entry.o(.text._tx_timer_thread_entry) referenced 4 times from tx_timer_initialize.o(.text._tx_timer_initialize)
 <LI><a href="#[1f]">eMBFuncReadCoils</a> from mbfunccoils.o(.text.eMBFuncReadCoils) referenced 2 times from mb.o(.data.xFuncHandlers)
 <LI><a href="#[22]">eMBFuncReadDiscreteInputs</a> from mbfuncdisc.o(.text.eMBFuncReadDiscreteInputs) referenced 2 times from mb.o(.data.xFuncHandlers)
 <LI><a href="#[1b]">eMBFuncReadHoldingRegister</a> from mbfuncholding.o(.text.eMBFuncReadHoldingRegister) referenced 2 times from mb.o(.data.xFuncHandlers)
 <LI><a href="#[1a]">eMBFuncReadInputRegister</a> from mbfuncinput.o(.text.eMBFuncReadInputRegister) referenced 2 times from mb.o(.data.xFuncHandlers)
 <LI><a href="#[1e]">eMBFuncReadWriteMultipleHoldingRegister</a> from mbfuncholding.o(.text.eMBFuncReadWriteMultipleHoldingRegister) referenced 2 times from mb.o(.data.xFuncHandlers)
 <LI><a href="#[19]">eMBFuncReportSlaveID</a> from mbfuncother.o(.text.eMBFuncReportSlaveID) referenced 2 times from mb.o(.data.xFuncHandlers)
 <LI><a href="#[20]">eMBFuncWriteCoil</a> from mbfunccoils.o(.text.eMBFuncWriteCoil) referenced 2 times from mb.o(.data.xFuncHandlers)
 <LI><a href="#[1d]">eMBFuncWriteHoldingRegister</a> from mbfuncholding.o(.text.eMBFuncWriteHoldingRegister) referenced 2 times from mb.o(.data.xFuncHandlers)
 <LI><a href="#[21]">eMBFuncWriteMultipleCoils</a> from mbfunccoils.o(.text.eMBFuncWriteMultipleCoils) referenced 2 times from mb.o(.data.xFuncHandlers)
 <LI><a href="#[1c]">eMBFuncWriteMultipleHoldingRegister</a> from mbfuncholding.o(.text.eMBFuncWriteMultipleHoldingRegister) referenced 2 times from mb.o(.data.xFuncHandlers)
 <LI><a href="#[d1]">vcom_DeInit</a> from usart_if.o(.text.vcom_DeInit) referenced from usart_if.o(.rodata.UTIL_TraceDriver)
 <LI><a href="#[d0]">vcom_Init</a> from usart_if.o(.text.vcom_Init) referenced from usart_if.o(.rodata.UTIL_TraceDriver)
 <LI><a href="#[d2]">vcom_ReceiveInit</a> from usart_if.o(.text.vcom_ReceiveInit) referenced from usart_if.o(.rodata.UTIL_TraceDriver)
 <LI><a href="#[d3]">vcom_Trace_DMA</a> from usart_if.o(.text.vcom_Trace_DMA) referenced from usart_if.o(.rodata.UTIL_TraceDriver)
 <LI><a href="#[98]">xMBRTUReceiveFSM</a> from mbrtu.o(.text.xMBRTUReceiveFSM) referenced 2 times from mb.o(.text.eMBInit)
 <LI><a href="#[9a]">xMBRTUTimerT35Expired</a> from mbrtu.o(.text.xMBRTUTimerT35Expired) referenced 2 times from mb.o(.text.eMBInit)
 <LI><a href="#[99]">xMBRTUTransmitFSM</a> from mbrtu.o(.text.xMBRTUTransmitFSM) referenced 2 times from mb.o(.text.eMBInit)
</UL>
<P>
<H3>
Global Symbols
</H3>
<P><STRONG><a name="[69]"></a>__main</STRONG> (Thumb, 8 bytes, Stack size 0 bytes, __main.o(!!!main))
<BR><BR>[Calls]<UL><LI><a href="#[d5]">&gt;&gt;</a>&nbsp;&nbsp;&nbsp;__rt_entry
<LI><a href="#[d4]">&gt;&gt;</a>&nbsp;&nbsp;&nbsp;__scatterload
</UL>
<BR>[Address Reference Count : 1]<UL><LI> startup_stm32wle5xx.o(.text)
</UL>
<P><STRONG><a name="[d4]"></a>__scatterload</STRONG> (Thumb, 0 bytes, Stack size unknown bytes, __scatter.o(!!!scatter))
<BR><BR>[Called By]<UL><LI><a href="#[69]">&gt;&gt;</a>&nbsp;&nbsp;&nbsp;__main
</UL>

<P><STRONG><a name="[d6]"></a>__scatterload_rt2</STRONG> (Thumb, 44 bytes, Stack size unknown bytes, __scatter.o(!!!scatter), UNUSED)
<BR><BR>[Calls]<UL><LI><a href="#[d5]">&gt;&gt;</a>&nbsp;&nbsp;&nbsp;__rt_entry
</UL>

<P><STRONG><a name="[35c]"></a>__scatterload_rt2_thumb_only</STRONG> (Thumb, 0 bytes, Stack size unknown bytes, __scatter.o(!!!scatter), UNUSED)

<P><STRONG><a name="[35d]"></a>__scatterload_null</STRONG> (Thumb, 0 bytes, Stack size unknown bytes, __scatter.o(!!!scatter), UNUSED)

<P><STRONG><a name="[35e]"></a>__decompress</STRONG> (Thumb, 58 bytes, Stack size unknown bytes, __dczerorl.o(!!dczerorl), UNUSED)

<P><STRONG><a name="[35f]"></a>__decompress0</STRONG> (Thumb, 0 bytes, Stack size unknown bytes, __dczerorl.o(!!dczerorl), UNUSED)

<P><STRONG><a name="[360]"></a>__scatterload_zeroinit</STRONG> (Thumb, 28 bytes, Stack size unknown bytes, __scatter_zi.o(!!handler_zi), UNUSED)

<P><STRONG><a name="[d7]"></a>_printf_n</STRONG> (Thumb, 0 bytes, Stack size unknown bytes, _printf_n.o(.ARM.Collect$$_printf_percent$$00000001))
<BR><BR>[Calls]<UL><LI><a href="#[d8]">&gt;&gt;</a>&nbsp;&nbsp;&nbsp;_printf_charcount
</UL>

<P><STRONG><a name="[12f]"></a>_printf_percent</STRONG> (Thumb, 0 bytes, Stack size unknown bytes, _printf_percent.o(.ARM.Collect$$_printf_percent$$00000000))
<BR><BR>[Called By]<UL><LI><a href="#[128]">&gt;&gt;</a>&nbsp;&nbsp;&nbsp;__printf
</UL>

<P><STRONG><a name="[d9]"></a>_printf_p</STRONG> (Thumb, 0 bytes, Stack size unknown bytes, _printf_p.o(.ARM.Collect$$_printf_percent$$00000002))
<BR><BR>[Stack]<UL><LI>Max Depth = 64 + Unknown Stack Size
<LI>Call Chain = _printf_p &rArr; _printf_hex_ptr &rArr; _printf_longlong_hex &rArr; _printf_int_common &rArr; _printf_post_padding
</UL>
<BR>[Calls]<UL><LI><a href="#[da]">&gt;&gt;</a>&nbsp;&nbsp;&nbsp;_printf_hex_ptr
</UL>

<P><STRONG><a name="[db]"></a>_printf_f</STRONG> (Thumb, 0 bytes, Stack size unknown bytes, _printf_f.o(.ARM.Collect$$_printf_percent$$00000003))
<BR><BR>[Stack]<UL><LI>Max Depth = 348 + Unknown Stack Size
<LI>Call Chain = _printf_f &rArr; _printf_fp_dec &rArr; _printf_fp_dec_real &rArr; _fp_digits &rArr; _btod_etento &rArr; _btod_emul &rArr; _e2e &rArr; __ieee_status
</UL>
<BR>[Calls]<UL><LI><a href="#[dc]">&gt;&gt;</a>&nbsp;&nbsp;&nbsp;_printf_fp_dec
</UL>

<P><STRONG><a name="[dd]"></a>_printf_e</STRONG> (Thumb, 0 bytes, Stack size unknown bytes, _printf_e.o(.ARM.Collect$$_printf_percent$$00000004))
<BR><BR>[Stack]<UL><LI>Max Depth = 348 + Unknown Stack Size
<LI>Call Chain = _printf_e &rArr; _printf_fp_dec &rArr; _printf_fp_dec_real &rArr; _fp_digits &rArr; _btod_etento &rArr; _btod_emul &rArr; _e2e &rArr; __ieee_status
</UL>
<BR>[Calls]<UL><LI><a href="#[dc]">&gt;&gt;</a>&nbsp;&nbsp;&nbsp;_printf_fp_dec
</UL>

<P><STRONG><a name="[de]"></a>_printf_g</STRONG> (Thumb, 0 bytes, Stack size unknown bytes, _printf_g.o(.ARM.Collect$$_printf_percent$$00000005))
<BR><BR>[Stack]<UL><LI>Max Depth = 348 + Unknown Stack Size
<LI>Call Chain = _printf_g &rArr; _printf_fp_dec &rArr; _printf_fp_dec_real &rArr; _fp_digits &rArr; _btod_etento &rArr; _btod_emul &rArr; _e2e &rArr; __ieee_status
</UL>
<BR>[Calls]<UL><LI><a href="#[dc]">&gt;&gt;</a>&nbsp;&nbsp;&nbsp;_printf_fp_dec
</UL>

<P><STRONG><a name="[df]"></a>_printf_a</STRONG> (Thumb, 0 bytes, Stack size unknown bytes, _printf_a.o(.ARM.Collect$$_printf_percent$$00000006))
<BR><BR>[Stack]<UL><LI>Max Depth = 112 + Unknown Stack Size
<LI>Call Chain = _printf_a &rArr; _printf_fp_hex &rArr; _printf_fp_hex_real &rArr; _printf_fp_infnan &rArr; _printf_post_padding
</UL>
<BR>[Calls]<UL><LI><a href="#[e0]">&gt;&gt;</a>&nbsp;&nbsp;&nbsp;_printf_fp_hex
</UL>

<P><STRONG><a name="[361]"></a>_printf_ll</STRONG> (Thumb, 0 bytes, Stack size unknown bytes, _printf_ll.o(.ARM.Collect$$_printf_percent$$00000007))

<P><STRONG><a name="[e1]"></a>_printf_i</STRONG> (Thumb, 0 bytes, Stack size unknown bytes, _printf_i.o(.ARM.Collect$$_printf_percent$$00000008))
<BR><BR>[Stack]<UL><LI>Max Depth = 72 + Unknown Stack Size
<LI>Call Chain = _printf_i &rArr; _printf_int_dec &rArr; _printf_int_common &rArr; _printf_post_padding
</UL>
<BR>[Calls]<UL><LI><a href="#[e2]">&gt;&gt;</a>&nbsp;&nbsp;&nbsp;_printf_int_dec
</UL>

<P><STRONG><a name="[e3]"></a>_printf_d</STRONG> (Thumb, 0 bytes, Stack size unknown bytes, _printf_d.o(.ARM.Collect$$_printf_percent$$00000009))
<BR><BR>[Stack]<UL><LI>Max Depth = 72 + Unknown Stack Size
<LI>Call Chain = _printf_d &rArr; _printf_int_dec &rArr; _printf_int_common &rArr; _printf_post_padding
</UL>
<BR>[Calls]<UL><LI><a href="#[e2]">&gt;&gt;</a>&nbsp;&nbsp;&nbsp;_printf_int_dec
</UL>

<P><STRONG><a name="[e4]"></a>_printf_u</STRONG> (Thumb, 0 bytes, Stack size unknown bytes, _printf_u.o(.ARM.Collect$$_printf_percent$$0000000A))
<BR><BR>[Stack]<UL><LI>Max Depth = 72 + Unknown Stack Size
<LI>Call Chain = _printf_u &rArr; _printf_int_dec &rArr; _printf_int_common &rArr; _printf_post_padding
</UL>
<BR>[Calls]<UL><LI><a href="#[e2]">&gt;&gt;</a>&nbsp;&nbsp;&nbsp;_printf_int_dec
</UL>

<P><STRONG><a name="[e5]"></a>_printf_o</STRONG> (Thumb, 0 bytes, Stack size unknown bytes, _printf_o.o(.ARM.Collect$$_printf_percent$$0000000B))
<BR><BR>[Stack]<UL><LI>Max Depth = 64 + Unknown Stack Size
<LI>Call Chain = _printf_o &rArr; _printf_int_oct &rArr; _printf_longlong_oct &rArr; _printf_int_common &rArr; _printf_post_padding
</UL>
<BR>[Calls]<UL><LI><a href="#[e6]">&gt;&gt;</a>&nbsp;&nbsp;&nbsp;_printf_int_oct
</UL>

<P><STRONG><a name="[e7]"></a>_printf_x</STRONG> (Thumb, 0 bytes, Stack size unknown bytes, _printf_x.o(.ARM.Collect$$_printf_percent$$0000000C))
<BR><BR>[Stack]<UL><LI>Max Depth = 80 + Unknown Stack Size
<LI>Call Chain = _printf_x &rArr; _printf_int_hex &rArr; _printf_longlong_hex &rArr; _printf_int_common &rArr; _printf_post_padding
</UL>
<BR>[Calls]<UL><LI><a href="#[e8]">&gt;&gt;</a>&nbsp;&nbsp;&nbsp;_printf_int_hex
</UL>

<P><STRONG><a name="[e9]"></a>_printf_lli</STRONG> (Thumb, 0 bytes, Stack size unknown bytes, _printf_lli.o(.ARM.Collect$$_printf_percent$$0000000D))
<BR><BR>[Stack]<UL><LI>Max Depth = 72 + Unknown Stack Size
<LI>Call Chain = _printf_lli &rArr; _printf_longlong_dec &rArr; _printf_int_common &rArr; _printf_post_padding
</UL>
<BR>[Calls]<UL><LI><a href="#[ea]">&gt;&gt;</a>&nbsp;&nbsp;&nbsp;_printf_longlong_dec
</UL>

<P><STRONG><a name="[eb]"></a>_printf_lld</STRONG> (Thumb, 0 bytes, Stack size unknown bytes, _printf_lld.o(.ARM.Collect$$_printf_percent$$0000000E))
<BR><BR>[Stack]<UL><LI>Max Depth = 72 + Unknown Stack Size
<LI>Call Chain = _printf_lld &rArr; _printf_longlong_dec &rArr; _printf_int_common &rArr; _printf_post_padding
</UL>
<BR>[Calls]<UL><LI><a href="#[ea]">&gt;&gt;</a>&nbsp;&nbsp;&nbsp;_printf_longlong_dec
</UL>

<P><STRONG><a name="[ec]"></a>_printf_llu</STRONG> (Thumb, 0 bytes, Stack size unknown bytes, _printf_llu.o(.ARM.Collect$$_printf_percent$$0000000F))
<BR><BR>[Stack]<UL><LI>Max Depth = 72 + Unknown Stack Size
<LI>Call Chain = _printf_llu &rArr; _printf_longlong_dec &rArr; _printf_int_common &rArr; _printf_post_padding
</UL>
<BR>[Calls]<UL><LI><a href="#[ea]">&gt;&gt;</a>&nbsp;&nbsp;&nbsp;_printf_longlong_dec
</UL>

<P><STRONG><a name="[ed]"></a>_printf_llo</STRONG> (Thumb, 0 bytes, Stack size unknown bytes, _printf_llo.o(.ARM.Collect$$_printf_percent$$00000010))
<BR><BR>[Stack]<UL><LI>Max Depth = 56 + Unknown Stack Size
<LI>Call Chain = _printf_llo &rArr; _printf_ll_oct &rArr; _printf_longlong_oct &rArr; _printf_int_common &rArr; _printf_post_padding
</UL>
<BR>[Calls]<UL><LI><a href="#[ee]">&gt;&gt;</a>&nbsp;&nbsp;&nbsp;_printf_ll_oct
</UL>

<P><STRONG><a name="[ef]"></a>_printf_llx</STRONG> (Thumb, 0 bytes, Stack size unknown bytes, _printf_llx.o(.ARM.Collect$$_printf_percent$$00000011))
<BR><BR>[Stack]<UL><LI>Max Depth = 64 + Unknown Stack Size
<LI>Call Chain = _printf_llx &rArr; _printf_ll_hex &rArr; _printf_longlong_hex &rArr; _printf_int_common &rArr; _printf_post_padding
</UL>
<BR>[Calls]<UL><LI><a href="#[f0]">&gt;&gt;</a>&nbsp;&nbsp;&nbsp;_printf_ll_hex
</UL>

<P><STRONG><a name="[362]"></a>_printf_l</STRONG> (Thumb, 0 bytes, Stack size unknown bytes, _printf_l.o(.ARM.Collect$$_printf_percent$$00000012))

<P><STRONG><a name="[f1]"></a>_printf_c</STRONG> (Thumb, 0 bytes, Stack size unknown bytes, _printf_c.o(.ARM.Collect$$_printf_percent$$00000013))
<BR><BR>[Stack]<UL><LI>Max Depth = 40 + Unknown Stack Size
<LI>Call Chain = _printf_c &rArr; _printf_char &rArr; _printf_cs_common &rArr; _printf_str &rArr; _printf_post_padding
</UL>
<BR>[Calls]<UL><LI><a href="#[f2]">&gt;&gt;</a>&nbsp;&nbsp;&nbsp;_printf_char
</UL>

<P><STRONG><a name="[f3]"></a>_printf_s</STRONG> (Thumb, 0 bytes, Stack size unknown bytes, _printf_s.o(.ARM.Collect$$_printf_percent$$00000014))
<BR><BR>[Stack]<UL><LI>Max Depth = 40 + Unknown Stack Size
<LI>Call Chain = _printf_s &rArr; _printf_string &rArr; _printf_cs_common &rArr; _printf_str &rArr; _printf_post_padding
</UL>
<BR>[Calls]<UL><LI><a href="#[f4]">&gt;&gt;</a>&nbsp;&nbsp;&nbsp;_printf_string
</UL>

<P><STRONG><a name="[f5]"></a>_printf_lc</STRONG> (Thumb, 0 bytes, Stack size unknown bytes, _printf_lc.o(.ARM.Collect$$_printf_percent$$00000015))
<BR><BR>[Stack]<UL><LI>Max Depth = 88 + Unknown Stack Size
<LI>Call Chain = _printf_lc &rArr; _printf_wchar &rArr; _printf_lcs_common &rArr; _printf_wctomb &rArr; _wcrtomb
</UL>
<BR>[Calls]<UL><LI><a href="#[f6]">&gt;&gt;</a>&nbsp;&nbsp;&nbsp;_printf_wchar
</UL>

<P><STRONG><a name="[f7]"></a>_printf_ls</STRONG> (Thumb, 0 bytes, Stack size unknown bytes, _printf_ls.o(.ARM.Collect$$_printf_percent$$00000016))
<BR><BR>[Stack]<UL><LI>Max Depth = 88 + Unknown Stack Size
<LI>Call Chain = _printf_ls &rArr; _printf_wstring &rArr; _printf_lcs_common &rArr; _printf_wctomb &rArr; _wcrtomb
</UL>
<BR>[Calls]<UL><LI><a href="#[f8]">&gt;&gt;</a>&nbsp;&nbsp;&nbsp;_printf_wstring
</UL>

<P><STRONG><a name="[363]"></a>_printf_percent_end</STRONG> (Thumb, 0 bytes, Stack size unknown bytes, _printf_percent_end.o(.ARM.Collect$$_printf_percent$$00000017))

<P><STRONG><a name="[103]"></a>__rt_lib_init</STRONG> (Thumb, 0 bytes, Stack size unknown bytes, libinit.o(.ARM.Collect$$libinit$$00000000))
<BR><BR>[Called By]<UL><LI><a href="#[102]">&gt;&gt;</a>&nbsp;&nbsp;&nbsp;__rt_entry_li
</UL>

<P><STRONG><a name="[f9]"></a>__rt_lib_init_fp_1</STRONG> (Thumb, 0 bytes, Stack size unknown bytes, libinit2.o(.ARM.Collect$$libinit$$00000001))
<BR><BR>[Stack]<UL><LI>Max Depth = 8 + Unknown Stack Size
<LI>Call Chain = __rt_lib_init_fp_1 &rArr; _fp_init
</UL>
<BR>[Calls]<UL><LI><a href="#[fa]">&gt;&gt;</a>&nbsp;&nbsp;&nbsp;_fp_init
</UL>

<P><STRONG><a name="[364]"></a>__rt_lib_init_heap_1</STRONG> (Thumb, 0 bytes, Stack size unknown bytes, libinit2.o(.ARM.Collect$$libinit$$0000000A))

<P><STRONG><a name="[fb]"></a>__rt_lib_init_lc_common</STRONG> (Thumb, 0 bytes, Stack size unknown bytes, libinit2.o(.ARM.Collect$$libinit$$0000000F))
<BR><BR>[Calls]<UL><LI><a href="#[fc]">&gt;&gt;</a>&nbsp;&nbsp;&nbsp;__rt_locale
</UL>

<P><STRONG><a name="[365]"></a>__rt_lib_init_preinit_1</STRONG> (Thumb, 0 bytes, Stack size unknown bytes, libinit2.o(.ARM.Collect$$libinit$$00000004))

<P><STRONG><a name="[366]"></a>__rt_lib_init_rand_1</STRONG> (Thumb, 0 bytes, Stack size unknown bytes, libinit2.o(.ARM.Collect$$libinit$$0000000E))

<P><STRONG><a name="[367]"></a>__rt_lib_init_user_alloc_1</STRONG> (Thumb, 0 bytes, Stack size unknown bytes, libinit2.o(.ARM.Collect$$libinit$$0000000C))

<P><STRONG><a name="[368]"></a>__rt_lib_init_lc_collate_1</STRONG> (Thumb, 0 bytes, Stack size unknown bytes, libinit2.o(.ARM.Collect$$libinit$$00000011))

<P><STRONG><a name="[fd]"></a>__rt_lib_init_lc_ctype_2</STRONG> (Thumb, 0 bytes, Stack size unknown bytes, libinit2.o(.ARM.Collect$$libinit$$00000012))
<BR><BR>[Stack]<UL><LI>Max Depth = 16 + Unknown Stack Size
<LI>Call Chain = __rt_lib_init_lc_ctype_2 &rArr; _get_lc_ctype &rArr; strcmp
</UL>
<BR>[Calls]<UL><LI><a href="#[6c]">&gt;&gt;</a>&nbsp;&nbsp;&nbsp;_get_lc_ctype
</UL>

<P><STRONG><a name="[369]"></a>__rt_lib_init_lc_ctype_1</STRONG> (Thumb, 0 bytes, Stack size unknown bytes, libinit2.o(.ARM.Collect$$libinit$$00000013))

<P><STRONG><a name="[36a]"></a>__rt_lib_init_lc_monetary_1</STRONG> (Thumb, 0 bytes, Stack size unknown bytes, libinit2.o(.ARM.Collect$$libinit$$00000015))

<P><STRONG><a name="[fe]"></a>__rt_lib_init_lc_numeric_2</STRONG> (Thumb, 0 bytes, Stack size unknown bytes, libinit2.o(.ARM.Collect$$libinit$$00000016))
<BR><BR>[Stack]<UL><LI>Max Depth = 16 + Unknown Stack Size
<LI>Call Chain = __rt_lib_init_lc_numeric_2 &rArr; _get_lc_numeric &rArr; strcmp
</UL>
<BR>[Calls]<UL><LI><a href="#[ff]">&gt;&gt;</a>&nbsp;&nbsp;&nbsp;_get_lc_numeric
</UL>

<P><STRONG><a name="[36b]"></a>__rt_lib_init_alloca_1</STRONG> (Thumb, 0 bytes, Stack size unknown bytes, libinit2.o(.ARM.Collect$$libinit$$0000002E))

<P><STRONG><a name="[36c]"></a>__rt_lib_init_argv_1</STRONG> (Thumb, 0 bytes, Stack size unknown bytes, libinit2.o(.ARM.Collect$$libinit$$0000002C))

<P><STRONG><a name="[36d]"></a>__rt_lib_init_atexit_1</STRONG> (Thumb, 0 bytes, Stack size unknown bytes, libinit2.o(.ARM.Collect$$libinit$$0000001B))

<P><STRONG><a name="[36e]"></a>__rt_lib_init_clock_1</STRONG> (Thumb, 0 bytes, Stack size unknown bytes, libinit2.o(.ARM.Collect$$libinit$$00000021))

<P><STRONG><a name="[36f]"></a>__rt_lib_init_cpp_1</STRONG> (Thumb, 0 bytes, Stack size unknown bytes, libinit2.o(.ARM.Collect$$libinit$$00000032))

<P><STRONG><a name="[370]"></a>__rt_lib_init_exceptions_1</STRONG> (Thumb, 0 bytes, Stack size unknown bytes, libinit2.o(.ARM.Collect$$libinit$$00000030))

<P><STRONG><a name="[371]"></a>__rt_lib_init_fp_trap_1</STRONG> (Thumb, 0 bytes, Stack size unknown bytes, libinit2.o(.ARM.Collect$$libinit$$0000001F))

<P><STRONG><a name="[372]"></a>__rt_lib_init_getenv_1</STRONG> (Thumb, 0 bytes, Stack size unknown bytes, libinit2.o(.ARM.Collect$$libinit$$00000023))

<P><STRONG><a name="[373]"></a>__rt_lib_init_lc_numeric_1</STRONG> (Thumb, 0 bytes, Stack size unknown bytes, libinit2.o(.ARM.Collect$$libinit$$00000017))

<P><STRONG><a name="[374]"></a>__rt_lib_init_lc_time_1</STRONG> (Thumb, 0 bytes, Stack size unknown bytes, libinit2.o(.ARM.Collect$$libinit$$00000019))

<P><STRONG><a name="[375]"></a>__rt_lib_init_return</STRONG> (Thumb, 0 bytes, Stack size unknown bytes, libinit2.o(.ARM.Collect$$libinit$$00000033))

<P><STRONG><a name="[376]"></a>__rt_lib_init_signal_1</STRONG> (Thumb, 0 bytes, Stack size unknown bytes, libinit2.o(.ARM.Collect$$libinit$$0000001D))

<P><STRONG><a name="[377]"></a>__rt_lib_init_stdio_1</STRONG> (Thumb, 0 bytes, Stack size unknown bytes, libinit2.o(.ARM.Collect$$libinit$$00000025))

<P><STRONG><a name="[108]"></a>__rt_lib_shutdown</STRONG> (Thumb, 0 bytes, Stack size unknown bytes, libshutdown.o(.ARM.Collect$$libshutdown$$00000000))
<BR><BR>[Called By]<UL><LI><a href="#[107]">&gt;&gt;</a>&nbsp;&nbsp;&nbsp;__rt_exit_ls
<LI><a href="#[11d]">&gt;&gt;</a>&nbsp;&nbsp;&nbsp;abort
</UL>

<P><STRONG><a name="[378]"></a>__rt_lib_shutdown_cpp_1</STRONG> (Thumb, 0 bytes, Stack size unknown bytes, libshutdown2.o(.ARM.Collect$$libshutdown$$00000002))

<P><STRONG><a name="[379]"></a>__rt_lib_shutdown_fp_trap_1</STRONG> (Thumb, 0 bytes, Stack size unknown bytes, libshutdown2.o(.ARM.Collect$$libshutdown$$00000007))

<P><STRONG><a name="[37a]"></a>__rt_lib_shutdown_heap_1</STRONG> (Thumb, 0 bytes, Stack size unknown bytes, libshutdown2.o(.ARM.Collect$$libshutdown$$0000000F))

<P><STRONG><a name="[37b]"></a>__rt_lib_shutdown_return</STRONG> (Thumb, 0 bytes, Stack size unknown bytes, libshutdown2.o(.ARM.Collect$$libshutdown$$00000010))

<P><STRONG><a name="[37c]"></a>__rt_lib_shutdown_signal_1</STRONG> (Thumb, 0 bytes, Stack size unknown bytes, libshutdown2.o(.ARM.Collect$$libshutdown$$0000000A))

<P><STRONG><a name="[37d]"></a>__rt_lib_shutdown_stdio_1</STRONG> (Thumb, 0 bytes, Stack size unknown bytes, libshutdown2.o(.ARM.Collect$$libshutdown$$00000004))

<P><STRONG><a name="[37e]"></a>__rt_lib_shutdown_user_alloc_1</STRONG> (Thumb, 0 bytes, Stack size unknown bytes, libshutdown2.o(.ARM.Collect$$libshutdown$$0000000C))

<P><STRONG><a name="[d5]"></a>__rt_entry</STRONG> (Thumb, 0 bytes, Stack size unknown bytes, __rtentry.o(.ARM.Collect$$rtentry$$00000000))
<BR><BR>[Called By]<UL><LI><a href="#[69]">&gt;&gt;</a>&nbsp;&nbsp;&nbsp;__main
<LI><a href="#[d6]">&gt;&gt;</a>&nbsp;&nbsp;&nbsp;__scatterload_rt2
</UL>

<P><STRONG><a name="[37f]"></a>__rt_entry_presh_1</STRONG> (Thumb, 0 bytes, Stack size unknown bytes, __rtentry2.o(.ARM.Collect$$rtentry$$00000002))

<P><STRONG><a name="[100]"></a>__rt_entry_sh</STRONG> (Thumb, 0 bytes, Stack size unknown bytes, __rtentry4.o(.ARM.Collect$$rtentry$$00000004))
<BR><BR>[Stack]<UL><LI>Max Depth = 8 + Unknown Stack Size
<LI>Call Chain = __rt_entry_sh &rArr; __user_setup_stackheap
</UL>
<BR>[Calls]<UL><LI><a href="#[101]">&gt;&gt;</a>&nbsp;&nbsp;&nbsp;__user_setup_stackheap
</UL>

<P><STRONG><a name="[102]"></a>__rt_entry_li</STRONG> (Thumb, 0 bytes, Stack size unknown bytes, __rtentry2.o(.ARM.Collect$$rtentry$$0000000A))
<BR><BR>[Calls]<UL><LI><a href="#[103]">&gt;&gt;</a>&nbsp;&nbsp;&nbsp;__rt_lib_init
</UL>

<P><STRONG><a name="[380]"></a>__rt_entry_postsh_1</STRONG> (Thumb, 0 bytes, Stack size unknown bytes, __rtentry2.o(.ARM.Collect$$rtentry$$00000009))

<P><STRONG><a name="[104]"></a>__rt_entry_main</STRONG> (Thumb, 0 bytes, Stack size unknown bytes, __rtentry2.o(.ARM.Collect$$rtentry$$0000000D))
<BR><BR>[Stack]<UL><LI>Max Depth = 360 + Unknown Stack Size
<LI>Call Chain = __rt_entry_main &rArr; main &rArr; MX_USART2_UART_Init &rArr; HAL_UART_Init &rArr; HAL_UART_MspInit &rArr; Error_Handler &rArr; UTIL_ADV_TRACE_COND_FSend &rArr; tiny_vsnprintf_like &rArr; strlen
</UL>
<BR>[Calls]<UL><LI><a href="#[105]">&gt;&gt;</a>&nbsp;&nbsp;&nbsp;main
<LI><a href="#[106]">&gt;&gt;</a>&nbsp;&nbsp;&nbsp;exit
</UL>

<P><STRONG><a name="[381]"></a>__rt_entry_postli_1</STRONG> (Thumb, 0 bytes, Stack size unknown bytes, __rtentry2.o(.ARM.Collect$$rtentry$$0000000C))

<P><STRONG><a name="[147]"></a>__rt_exit</STRONG> (Thumb, 0 bytes, Stack size unknown bytes, rtexit.o(.ARM.Collect$$rtexit$$00000000))
<BR><BR>[Called By]<UL><LI><a href="#[106]">&gt;&gt;</a>&nbsp;&nbsp;&nbsp;exit
</UL>

<P><STRONG><a name="[107]"></a>__rt_exit_ls</STRONG> (Thumb, 0 bytes, Stack size unknown bytes, rtexit2.o(.ARM.Collect$$rtexit$$00000003))
<BR><BR>[Calls]<UL><LI><a href="#[108]">&gt;&gt;</a>&nbsp;&nbsp;&nbsp;__rt_lib_shutdown
</UL>

<P><STRONG><a name="[382]"></a>__rt_exit_prels_1</STRONG> (Thumb, 0 bytes, Stack size unknown bytes, rtexit2.o(.ARM.Collect$$rtexit$$00000002))

<P><STRONG><a name="[109]"></a>__rt_exit_exit</STRONG> (Thumb, 0 bytes, Stack size unknown bytes, rtexit2.o(.ARM.Collect$$rtexit$$00000004))
<BR><BR>[Calls]<UL><LI><a href="#[10a]">&gt;&gt;</a>&nbsp;&nbsp;&nbsp;_sys_exit
</UL>

<P><STRONG><a name="[23]"></a>Reset_Handler</STRONG> (Thumb, 8 bytes, Stack size 0 bytes, startup_stm32wle5xx.o(.text))
<BR>[Address Reference Count : 1]<UL><LI> startup_stm32wle5xx.o(RESET)
</UL>
<P><STRONG><a name="[29]"></a>SVC_Handler</STRONG> (Thumb, 2 bytes, Stack size 0 bytes, startup_stm32wle5xx.o(.text))
<BR><BR>[Calls]<UL><LI><a href="#[29]">&gt;&gt;</a>&nbsp;&nbsp;&nbsp;SVC_Handler
</UL>
<BR>[Called By]<UL><LI><a href="#[29]">&gt;&gt;</a>&nbsp;&nbsp;&nbsp;SVC_Handler
</UL>
<BR>[Address Reference Count : 1]<UL><LI> startup_stm32wle5xx.o(RESET)
</UL>
<P><STRONG><a name="[3f]"></a>ADC_IRQHandler</STRONG> (Thumb, 0 bytes, Stack size 0 bytes, startup_stm32wle5xx.o(.text))
<BR><BR>[Calls]<UL><LI><a href="#[3f]">&gt;&gt;</a>&nbsp;&nbsp;&nbsp;ADC_IRQHandler
</UL>
<BR>[Called By]<UL><LI><a href="#[3f]">&gt;&gt;</a>&nbsp;&nbsp;&nbsp;ADC_IRQHandler
</UL>
<BR>[Address Reference Count : 1]<UL><LI> startup_stm32wle5xx.o(RESET)
</UL>
<P><STRONG><a name="[5d]"></a>AES_IRQHandler</STRONG> (Thumb, 0 bytes, Stack size 0 bytes, startup_stm32wle5xx.o(.text))
<BR>[Address Reference Count : 1]<UL><LI> startup_stm32wle5xx.o(RESET)
</UL>
<P><STRONG><a name="[41]"></a>COMP_IRQHandler</STRONG> (Thumb, 0 bytes, Stack size 0 bytes, startup_stm32wle5xx.o(.text))
<BR>[Address Reference Count : 1]<UL><LI> startup_stm32wle5xx.o(RESET)
</UL>
<P><STRONG><a name="[40]"></a>DAC_IRQHandler</STRONG> (Thumb, 0 bytes, Stack size 0 bytes, startup_stm32wle5xx.o(.text))
<BR>[Address Reference Count : 1]<UL><LI> startup_stm32wle5xx.o(RESET)
</UL>
<P><STRONG><a name="[38]"></a>DMA1_Channel1_IRQHandler</STRONG> (Thumb, 0 bytes, Stack size 0 bytes, startup_stm32wle5xx.o(.text))
<BR>[Address Reference Count : 1]<UL><LI> startup_stm32wle5xx.o(RESET)
</UL>
<P><STRONG><a name="[39]"></a>DMA1_Channel2_IRQHandler</STRONG> (Thumb, 0 bytes, Stack size 0 bytes, startup_stm32wle5xx.o(.text))
<BR>[Address Reference Count : 1]<UL><LI> startup_stm32wle5xx.o(RESET)
</UL>
<P><STRONG><a name="[3a]"></a>DMA1_Channel3_IRQHandler</STRONG> (Thumb, 0 bytes, Stack size 0 bytes, startup_stm32wle5xx.o(.text))
<BR>[Address Reference Count : 1]<UL><LI> startup_stm32wle5xx.o(RESET)
</UL>
<P><STRONG><a name="[3b]"></a>DMA1_Channel4_IRQHandler</STRONG> (Thumb, 0 bytes, Stack size 0 bytes, startup_stm32wle5xx.o(.text))
<BR>[Address Reference Count : 1]<UL><LI> startup_stm32wle5xx.o(RESET)
</UL>
<P><STRONG><a name="[3d]"></a>DMA1_Channel6_IRQHandler</STRONG> (Thumb, 0 bytes, Stack size 0 bytes, startup_stm32wle5xx.o(.text))
<BR>[Address Reference Count : 1]<UL><LI> startup_stm32wle5xx.o(RESET)
</UL>
<P><STRONG><a name="[3e]"></a>DMA1_Channel7_IRQHandler</STRONG> (Thumb, 0 bytes, Stack size 0 bytes, startup_stm32wle5xx.o(.text))
<BR>[Address Reference Count : 1]<UL><LI> startup_stm32wle5xx.o(RESET)
</UL>
<P><STRONG><a name="[60]"></a>DMA2_Channel1_IRQHandler</STRONG> (Thumb, 0 bytes, Stack size 0 bytes, startup_stm32wle5xx.o(.text))
<BR>[Address Reference Count : 1]<UL><LI> startup_stm32wle5xx.o(RESET)
</UL>
<P><STRONG><a name="[61]"></a>DMA2_Channel2_IRQHandler</STRONG> (Thumb, 0 bytes, Stack size 0 bytes, startup_stm32wle5xx.o(.text))
<BR>[Address Reference Count : 1]<UL><LI> startup_stm32wle5xx.o(RESET)
</UL>
<P><STRONG><a name="[62]"></a>DMA2_Channel3_IRQHandler</STRONG> (Thumb, 0 bytes, Stack size 0 bytes, startup_stm32wle5xx.o(.text))
<BR>[Address Reference Count : 1]<UL><LI> startup_stm32wle5xx.o(RESET)
</UL>
<P><STRONG><a name="[63]"></a>DMA2_Channel4_IRQHandler</STRONG> (Thumb, 0 bytes, Stack size 0 bytes, startup_stm32wle5xx.o(.text))
<BR>[Address Reference Count : 1]<UL><LI> startup_stm32wle5xx.o(RESET)
</UL>
<P><STRONG><a name="[64]"></a>DMA2_Channel5_IRQHandler</STRONG> (Thumb, 0 bytes, Stack size 0 bytes, startup_stm32wle5xx.o(.text))
<BR>[Address Reference Count : 1]<UL><LI> startup_stm32wle5xx.o(RESET)
</UL>
<P><STRONG><a name="[65]"></a>DMA2_Channel6_IRQHandler</STRONG> (Thumb, 0 bytes, Stack size 0 bytes, startup_stm32wle5xx.o(.text))
<BR>[Address Reference Count : 1]<UL><LI> startup_stm32wle5xx.o(RESET)
</UL>
<P><STRONG><a name="[66]"></a>DMA2_Channel7_IRQHandler</STRONG> (Thumb, 0 bytes, Stack size 0 bytes, startup_stm32wle5xx.o(.text))
<BR>[Address Reference Count : 1]<UL><LI> startup_stm32wle5xx.o(RESET)
</UL>
<P><STRONG><a name="[67]"></a>DMAMUX1_OVR_IRQHandler</STRONG> (Thumb, 0 bytes, Stack size 0 bytes, startup_stm32wle5xx.o(.text))
<BR>[Address Reference Count : 1]<UL><LI> startup_stm32wle5xx.o(RESET)
</UL>
<P><STRONG><a name="[55]"></a>EXTI15_10_IRQHandler</STRONG> (Thumb, 0 bytes, Stack size 0 bytes, startup_stm32wle5xx.o(.text))
<BR>[Address Reference Count : 1]<UL><LI> startup_stm32wle5xx.o(RESET)
</UL>
<P><STRONG><a name="[34]"></a>EXTI1_IRQHandler</STRONG> (Thumb, 0 bytes, Stack size 0 bytes, startup_stm32wle5xx.o(.text))
<BR>[Address Reference Count : 1]<UL><LI> startup_stm32wle5xx.o(RESET)
</UL>
<P><STRONG><a name="[35]"></a>EXTI2_IRQHandler</STRONG> (Thumb, 0 bytes, Stack size 0 bytes, startup_stm32wle5xx.o(.text))
<BR>[Address Reference Count : 1]<UL><LI> startup_stm32wle5xx.o(RESET)
</UL>
<P><STRONG><a name="[36]"></a>EXTI3_IRQHandler</STRONG> (Thumb, 0 bytes, Stack size 0 bytes, startup_stm32wle5xx.o(.text))
<BR>[Address Reference Count : 1]<UL><LI> startup_stm32wle5xx.o(RESET)
</UL>
<P><STRONG><a name="[37]"></a>EXTI4_IRQHandler</STRONG> (Thumb, 0 bytes, Stack size 0 bytes, startup_stm32wle5xx.o(.text))
<BR>[Address Reference Count : 1]<UL><LI> startup_stm32wle5xx.o(RESET)
</UL>
<P><STRONG><a name="[42]"></a>EXTI9_5_IRQHandler</STRONG> (Thumb, 0 bytes, Stack size 0 bytes, startup_stm32wle5xx.o(.text))
<BR>[Address Reference Count : 1]<UL><LI> startup_stm32wle5xx.o(RESET)
</UL>
<P><STRONG><a name="[31]"></a>FLASH_IRQHandler</STRONG> (Thumb, 0 bytes, Stack size 0 bytes, startup_stm32wle5xx.o(.text))
<BR>[Address Reference Count : 1]<UL><LI> startup_stm32wle5xx.o(RESET)
</UL>
<P><STRONG><a name="[59]"></a>HSEM_IRQHandler</STRONG> (Thumb, 0 bytes, Stack size 0 bytes, startup_stm32wle5xx.o(.text))
<BR>[Address Reference Count : 1]<UL><LI> startup_stm32wle5xx.o(RESET)
</UL>
<P><STRONG><a name="[4b]"></a>I2C1_ER_IRQHandler</STRONG> (Thumb, 0 bytes, Stack size 0 bytes, startup_stm32wle5xx.o(.text))
<BR>[Address Reference Count : 1]<UL><LI> startup_stm32wle5xx.o(RESET)
</UL>
<P><STRONG><a name="[4a]"></a>I2C1_EV_IRQHandler</STRONG> (Thumb, 0 bytes, Stack size 0 bytes, startup_stm32wle5xx.o(.text))
<BR>[Address Reference Count : 1]<UL><LI> startup_stm32wle5xx.o(RESET)
</UL>
<P><STRONG><a name="[4d]"></a>I2C2_ER_IRQHandler</STRONG> (Thumb, 0 bytes, Stack size 0 bytes, startup_stm32wle5xx.o(.text))
<BR>[Address Reference Count : 1]<UL><LI> startup_stm32wle5xx.o(RESET)
</UL>
<P><STRONG><a name="[4c]"></a>I2C2_EV_IRQHandler</STRONG> (Thumb, 0 bytes, Stack size 0 bytes, startup_stm32wle5xx.o(.text))
<BR>[Address Reference Count : 1]<UL><LI> startup_stm32wle5xx.o(RESET)
</UL>
<P><STRONG><a name="[5b]"></a>I2C3_ER_IRQHandler</STRONG> (Thumb, 0 bytes, Stack size 0 bytes, startup_stm32wle5xx.o(.text))
<BR>[Address Reference Count : 1]<UL><LI> startup_stm32wle5xx.o(RESET)
</UL>
<P><STRONG><a name="[5a]"></a>I2C3_EV_IRQHandler</STRONG> (Thumb, 0 bytes, Stack size 0 bytes, startup_stm32wle5xx.o(.text))
<BR>[Address Reference Count : 1]<UL><LI> startup_stm32wle5xx.o(RESET)
</UL>
<P><STRONG><a name="[53]"></a>LPTIM1_IRQHandler</STRONG> (Thumb, 0 bytes, Stack size 0 bytes, startup_stm32wle5xx.o(.text))
<BR>[Address Reference Count : 1]<UL><LI> startup_stm32wle5xx.o(RESET)
</UL>
<P><STRONG><a name="[54]"></a>LPTIM2_IRQHandler</STRONG> (Thumb, 0 bytes, Stack size 0 bytes, startup_stm32wle5xx.o(.text))
<BR>[Address Reference Count : 1]<UL><LI> startup_stm32wle5xx.o(RESET)
</UL>
<P><STRONG><a name="[57]"></a>LPTIM3_IRQHandler</STRONG> (Thumb, 0 bytes, Stack size 0 bytes, startup_stm32wle5xx.o(.text))
<BR>[Address Reference Count : 1]<UL><LI> startup_stm32wle5xx.o(RESET)
</UL>
<P><STRONG><a name="[52]"></a>LPUART1_IRQHandler</STRONG> (Thumb, 0 bytes, Stack size 0 bytes, startup_stm32wle5xx.o(.text))
<BR>[Address Reference Count : 1]<UL><LI> startup_stm32wle5xx.o(RESET)
</UL>
<P><STRONG><a name="[5f]"></a>PKA_IRQHandler</STRONG> (Thumb, 0 bytes, Stack size 0 bytes, startup_stm32wle5xx.o(.text))
<BR>[Address Reference Count : 1]<UL><LI> startup_stm32wle5xx.o(RESET)
</UL>
<P><STRONG><a name="[2e]"></a>PVD_PVM_IRQHandler</STRONG> (Thumb, 0 bytes, Stack size 0 bytes, startup_stm32wle5xx.o(.text))
<BR>[Address Reference Count : 1]<UL><LI> startup_stm32wle5xx.o(RESET)
</UL>
<P><STRONG><a name="[32]"></a>RCC_IRQHandler</STRONG> (Thumb, 0 bytes, Stack size 0 bytes, startup_stm32wle5xx.o(.text))
<BR>[Address Reference Count : 1]<UL><LI> startup_stm32wle5xx.o(RESET)
</UL>
<P><STRONG><a name="[5e]"></a>RNG_IRQHandler</STRONG> (Thumb, 0 bytes, Stack size 0 bytes, startup_stm32wle5xx.o(.text))
<BR>[Address Reference Count : 1]<UL><LI> startup_stm32wle5xx.o(RESET)
</UL>
<P><STRONG><a name="[30]"></a>RTC_WKUP_IRQHandler</STRONG> (Thumb, 0 bytes, Stack size 0 bytes, startup_stm32wle5xx.o(.text))
<BR>[Address Reference Count : 1]<UL><LI> startup_stm32wle5xx.o(RESET)
</UL>
<P><STRONG><a name="[4e]"></a>SPI1_IRQHandler</STRONG> (Thumb, 0 bytes, Stack size 0 bytes, startup_stm32wle5xx.o(.text))
<BR>[Address Reference Count : 1]<UL><LI> startup_stm32wle5xx.o(RESET)
</UL>
<P><STRONG><a name="[4f]"></a>SPI2_IRQHandler</STRONG> (Thumb, 0 bytes, Stack size 0 bytes, startup_stm32wle5xx.o(.text))
<BR>[Address Reference Count : 1]<UL><LI> startup_stm32wle5xx.o(RESET)
</UL>
<P><STRONG><a name="[58]"></a>SUBGHZSPI_IRQHandler</STRONG> (Thumb, 0 bytes, Stack size 0 bytes, startup_stm32wle5xx.o(.text))
<BR>[Address Reference Count : 1]<UL><LI> startup_stm32wle5xx.o(RESET)
</UL>
<P><STRONG><a name="[49]"></a>TIM17_IRQHandler</STRONG> (Thumb, 0 bytes, Stack size 0 bytes, startup_stm32wle5xx.o(.text))
<BR>[Address Reference Count : 1]<UL><LI> startup_stm32wle5xx.o(RESET)
</UL>
<P><STRONG><a name="[43]"></a>TIM1_BRK_IRQHandler</STRONG> (Thumb, 0 bytes, Stack size 0 bytes, startup_stm32wle5xx.o(.text))
<BR>[Address Reference Count : 1]<UL><LI> startup_stm32wle5xx.o(RESET)
</UL>
<P><STRONG><a name="[46]"></a>TIM1_CC_IRQHandler</STRONG> (Thumb, 0 bytes, Stack size 0 bytes, startup_stm32wle5xx.o(.text))
<BR>[Address Reference Count : 1]<UL><LI> startup_stm32wle5xx.o(RESET)
</UL>
<P><STRONG><a name="[45]"></a>TIM1_TRG_COM_IRQHandler</STRONG> (Thumb, 0 bytes, Stack size 0 bytes, startup_stm32wle5xx.o(.text))
<BR>[Address Reference Count : 1]<UL><LI> startup_stm32wle5xx.o(RESET)
</UL>
<P><STRONG><a name="[44]"></a>TIM1_UP_IRQHandler</STRONG> (Thumb, 0 bytes, Stack size 0 bytes, startup_stm32wle5xx.o(.text))
<BR>[Address Reference Count : 1]<UL><LI> startup_stm32wle5xx.o(RESET)
</UL>
<P><STRONG><a name="[47]"></a>TIM2_IRQHandler</STRONG> (Thumb, 0 bytes, Stack size 0 bytes, startup_stm32wle5xx.o(.text))
<BR>[Address Reference Count : 1]<UL><LI> startup_stm32wle5xx.o(RESET)
</UL>
<P><STRONG><a name="[2d]"></a>WWDG_IRQHandler</STRONG> (Thumb, 0 bytes, Stack size 0 bytes, startup_stm32wle5xx.o(.text))
<BR>[Address Reference Count : 1]<UL><LI> startup_stm32wle5xx.o(RESET)
</UL>
<P><STRONG><a name="[144]"></a>__user_initial_stackheap</STRONG> (Thumb, 0 bytes, Stack size unknown bytes, startup_stm32wle5xx.o(.text))
<BR><BR>[Called By]<UL><LI><a href="#[101]">&gt;&gt;</a>&nbsp;&nbsp;&nbsp;__user_setup_stackheap
</UL>

<P><STRONG><a name="[312]"></a>_tx_initialize_low_level</STRONG> (Thumb, 0 bytes, Stack size unknown bytes, tx_initialize_low_level.o(.text))
<BR><BR>[Called By]<UL><LI><a href="#[267]">&gt;&gt;</a>&nbsp;&nbsp;&nbsp;_tx_initialize_kernel_enter
</UL>

<P><STRONG><a name="[10b]"></a>__tx_BadHandler</STRONG> (Thumb, 0 bytes, Stack size unknown bytes, tx_initialize_low_level.o(.text), UNUSED)
<BR><BR>[Calls]<UL><LI><a href="#[10b]">&gt;&gt;</a>&nbsp;&nbsp;&nbsp;__tx_BadHandler
</UL>
<BR>[Called By]<UL><LI><a href="#[10b]">&gt;&gt;</a>&nbsp;&nbsp;&nbsp;__tx_BadHandler
</UL>

<P><STRONG><a name="[10c]"></a>__tx_HardfaultHandler</STRONG> (Thumb, 0 bytes, Stack size unknown bytes, tx_initialize_low_level.o(.text), UNUSED)
<BR><BR>[Calls]<UL><LI><a href="#[10c]">&gt;&gt;</a>&nbsp;&nbsp;&nbsp;__tx_HardfaultHandler
</UL>
<BR>[Called By]<UL><LI><a href="#[10c]">&gt;&gt;</a>&nbsp;&nbsp;&nbsp;__tx_HardfaultHandler
</UL>

<P><STRONG><a name="[10d]"></a>__tx_SVCallHandler</STRONG> (Thumb, 0 bytes, Stack size unknown bytes, tx_initialize_low_level.o(.text), UNUSED)
<BR><BR>[Calls]<UL><LI><a href="#[10d]">&gt;&gt;</a>&nbsp;&nbsp;&nbsp;__tx_SVCallHandler
</UL>
<BR>[Called By]<UL><LI><a href="#[10d]">&gt;&gt;</a>&nbsp;&nbsp;&nbsp;__tx_SVCallHandler
</UL>

<P><STRONG><a name="[10e]"></a>__tx_IntHandler</STRONG> (Thumb, 0 bytes, Stack size unknown bytes, tx_initialize_low_level.o(.text), UNUSED)
<BR><BR>[Calls]<UL><LI><a href="#[110]">&gt;&gt;</a>&nbsp;&nbsp;&nbsp;_tx_execution_isr_exit
<LI><a href="#[10f]">&gt;&gt;</a>&nbsp;&nbsp;&nbsp;_tx_execution_isr_enter
</UL>

<P><STRONG><a name="[2c]"></a>SysTick_Handler</STRONG> (Thumb, 0 bytes, Stack size unknown bytes, tx_initialize_low_level.o(.text))
<BR><BR>[Stack]<UL><LI>Max Depth = 40 + Unknown Stack Size
<LI>Call Chain = SysTick_Handler &rArr; _tx_timer_interrupt &rArr; _tx_timer_expiration_process &rArr; _tx_thread_system_resume &rArr; _tx_thread_stack_analyze
</UL>
<BR>[Calls]<UL><LI><a href="#[111]">&gt;&gt;</a>&nbsp;&nbsp;&nbsp;_tx_timer_interrupt
<LI><a href="#[110]">&gt;&gt;</a>&nbsp;&nbsp;&nbsp;_tx_execution_isr_exit
<LI><a href="#[10f]">&gt;&gt;</a>&nbsp;&nbsp;&nbsp;_tx_execution_isr_enter
</UL>
<BR>[Address Reference Count : 1]<UL><LI> startup_stm32wle5xx.o(RESET)
</UL>
<P><STRONG><a name="[383]"></a>__tx_SysTickHandler</STRONG> (Thumb, 0 bytes, Stack size unknown bytes, tx_initialize_low_level.o(.text), UNUSED)

<P><STRONG><a name="[112]"></a>__tx_NMIHandler</STRONG> (Thumb, 0 bytes, Stack size unknown bytes, tx_initialize_low_level.o(.text), UNUSED)
<BR><BR>[Calls]<UL><LI><a href="#[112]">&gt;&gt;</a>&nbsp;&nbsp;&nbsp;__tx_NMIHandler
</UL>
<BR>[Called By]<UL><LI><a href="#[112]">&gt;&gt;</a>&nbsp;&nbsp;&nbsp;__tx_NMIHandler
</UL>

<P><STRONG><a name="[113]"></a>__tx_DBGHandler</STRONG> (Thumb, 0 bytes, Stack size unknown bytes, tx_initialize_low_level.o(.text), UNUSED)
<BR><BR>[Calls]<UL><LI><a href="#[113]">&gt;&gt;</a>&nbsp;&nbsp;&nbsp;__tx_DBGHandler
</UL>
<BR>[Called By]<UL><LI><a href="#[113]">&gt;&gt;</a>&nbsp;&nbsp;&nbsp;__tx_DBGHandler
</UL>

<P><STRONG><a name="[315]"></a>_tx_thread_schedule</STRONG> (Thumb, 0 bytes, Stack size unknown bytes, tx_thread_schedule.o(.text))
<BR><BR>[Called By]<UL><LI><a href="#[267]">&gt;&gt;</a>&nbsp;&nbsp;&nbsp;_tx_initialize_kernel_enter
</UL>

<P><STRONG><a name="[2b]"></a>PendSV_Handler</STRONG> (Thumb, 0 bytes, Stack size unknown bytes, tx_thread_schedule.o(.text))
<BR><BR>[Stack]<UL><LI>Max Depth = 16 + Unknown Stack Size
<LI>Call Chain = PendSV_Handler &rArr; _tx_execution_thread_exit
</UL>
<BR>[Calls]<UL><LI><a href="#[114]">&gt;&gt;</a>&nbsp;&nbsp;&nbsp;_tx_execution_thread_exit
<LI><a href="#[115]">&gt;&gt;</a>&nbsp;&nbsp;&nbsp;_tx_execution_thread_enter
</UL>
<BR>[Address Reference Count : 1]<UL><LI> startup_stm32wle5xx.o(RESET)
</UL>
<P><STRONG><a name="[384]"></a>__tx_PendSVHandler</STRONG> (Thumb, 0 bytes, Stack size unknown bytes, tx_thread_schedule.o(.text), UNUSED)

<P><STRONG><a name="[31d]"></a>_tx_thread_stack_build</STRONG> (Thumb, 0 bytes, Stack size unknown bytes, tx_thread_stack_build.o(.text))
<BR><BR>[Called By]<UL><LI><a href="#[31b]">&gt;&gt;</a>&nbsp;&nbsp;&nbsp;_tx_thread_create
</UL>

<P><STRONG><a name="[111]"></a>_tx_timer_interrupt</STRONG> (Thumb, 0 bytes, Stack size unknown bytes, tx_timer_interrupt.o(.text))
<BR><BR>[Stack]<UL><LI>Max Depth = 40 + Unknown Stack Size
<LI>Call Chain = _tx_timer_interrupt &rArr; _tx_timer_expiration_process &rArr; _tx_thread_system_resume &rArr; _tx_thread_stack_analyze
</UL>
<BR>[Calls]<UL><LI><a href="#[116]">&gt;&gt;</a>&nbsp;&nbsp;&nbsp;_tx_timer_expiration_process
<LI><a href="#[117]">&gt;&gt;</a>&nbsp;&nbsp;&nbsp;_tx_thread_time_slice
</UL>
<BR>[Called By]<UL><LI><a href="#[2c]">&gt;&gt;</a>&nbsp;&nbsp;&nbsp;SysTick_Handler
</UL>

<P><STRONG><a name="[2f0]"></a>__aeabi_uldivmod</STRONG> (Thumb, 0 bytes, Stack size 48 bytes, lludivv7m.o(.text))
<BR><BR>[Stack]<UL><LI>Max Depth = 48<LI>Call Chain = __aeabi_uldivmod
</UL>
<BR>[Called By]<UL><LI><a href="#[ce]">&gt;&gt;</a>&nbsp;&nbsp;&nbsp;TIMER_IF_Convert_ms2Tick
<LI><a href="#[192]">&gt;&gt;</a>&nbsp;&nbsp;&nbsp;TIMER_IF_DelayMs
<LI><a href="#[1d7]">&gt;&gt;</a>&nbsp;&nbsp;&nbsp;UART_SetConfig
<LI><a href="#[2a1]">&gt;&gt;</a>&nbsp;&nbsp;&nbsp;SUBGRF_SetRfFrequency
<LI><a href="#[2a5]">&gt;&gt;</a>&nbsp;&nbsp;&nbsp;SUBGRF_SetModulationParams
</UL>

<P><STRONG><a name="[385]"></a>_ll_udiv</STRONG> (Thumb, 240 bytes, Stack size 48 bytes, lludivv7m.o(.text), UNUSED)

<P><STRONG><a name="[118]"></a>vsnprintf</STRONG> (Thumb, 48 bytes, Stack size 24 bytes, vsnprintf.o(.text))
<BR><BR>[Stack]<UL><LI>Max Depth = 128 + Unknown Stack Size
<LI>Call Chain = vsnprintf &rArr; _printf_char_common &rArr; __printf
</UL>
<BR>[Calls]<UL><LI><a href="#[11a]">&gt;&gt;</a>&nbsp;&nbsp;&nbsp;_sputc
<LI><a href="#[119]">&gt;&gt;</a>&nbsp;&nbsp;&nbsp;_printf_char_common
</UL>
<BR>[Called By]<UL><LI><a href="#[163]">&gt;&gt;</a>&nbsp;&nbsp;&nbsp;App_Printf
</UL>

<P><STRONG><a name="[11b]"></a>__aeabi_assert</STRONG> (Thumb, 86 bytes, Stack size 16 bytes, assert.o(.text))
<BR><BR>[Stack]<UL><LI>Max Depth = 64 + Unknown Stack Size
<LI>Call Chain = __aeabi_assert &rArr; abort &rArr; __rt_SIGABRT &rArr; __rt_SIGABRT_inner &rArr; __default_signal_display &rArr; _ttywrch
</UL>
<BR>[Calls]<UL><LI><a href="#[11c]">&gt;&gt;</a>&nbsp;&nbsp;&nbsp;__assert_puts
<LI><a href="#[11d]">&gt;&gt;</a>&nbsp;&nbsp;&nbsp;abort
</UL>
<BR>[Called By]<UL><LI><a href="#[99]">&gt;&gt;</a>&nbsp;&nbsp;&nbsp;xMBRTUTransmitFSM
<LI><a href="#[9a]">&gt;&gt;</a>&nbsp;&nbsp;&nbsp;xMBRTUTimerT35Expired
<LI><a href="#[98]">&gt;&gt;</a>&nbsp;&nbsp;&nbsp;xMBRTUReceiveFSM
<LI><a href="#[32f]">&gt;&gt;</a>&nbsp;&nbsp;&nbsp;eMBRTUReceive
</UL>

<P><STRONG><a name="[386]"></a>__assert</STRONG> (Thumb, 0 bytes, Stack size 16 bytes, assert.o(.text), UNUSED)

<P><STRONG><a name="[304]"></a>strlen</STRONG> (Thumb, 62 bytes, Stack size 8 bytes, strlen.o(.text))
<BR><BR>[Stack]<UL><LI>Max Depth = 8<LI>Call Chain = strlen
</UL>
<BR>[Called By]<UL><LI><a href="#[309]">&gt;&gt;</a>&nbsp;&nbsp;&nbsp;tiny_vsnprintf_like
<LI><a href="#[8d]">&gt;&gt;</a>&nbsp;&nbsp;&nbsp;TimestampNow
</UL>

<P><STRONG><a name="[32b]"></a>__aeabi_memcpy</STRONG> (Thumb, 0 bytes, Stack size 0 bytes, rt_memcpy_v6.o(.text))
<BR><BR>[Called By]<UL><LI><a href="#[19]">&gt;&gt;</a>&nbsp;&nbsp;&nbsp;eMBFuncReportSlaveID
</UL>

<P><STRONG><a name="[11e]"></a>__rt_memcpy</STRONG> (Thumb, 138 bytes, Stack size 0 bytes, rt_memcpy_v6.o(.text), UNUSED)
<BR><BR>[Calls]<UL><LI><a href="#[11f]">&gt;&gt;</a>&nbsp;&nbsp;&nbsp;__aeabi_memcpy4
</UL>

<P><STRONG><a name="[387]"></a>_memcpy_lastbytes</STRONG> (Thumb, 0 bytes, Stack size unknown bytes, rt_memcpy_v6.o(.text), UNUSED)

<P><STRONG><a name="[120]"></a>__aeabi_memset</STRONG> (Thumb, 16 bytes, Stack size 0 bytes, aeabi_memset.o(.text))
<BR><BR>[Stack]<UL><LI>Max Depth = 4<LI>Call Chain = __aeabi_memset &rArr; _memset &rArr; _memset_w
</UL>
<BR>[Calls]<UL><LI><a href="#[121]">&gt;&gt;</a>&nbsp;&nbsp;&nbsp;_memset
</UL>
<BR>[Called By]<UL><LI><a href="#[309]">&gt;&gt;</a>&nbsp;&nbsp;&nbsp;tiny_vsnprintf_like
<LI><a href="#[158]">&gt;&gt;</a>&nbsp;&nbsp;&nbsp;memset1
<LI><a href="#[2ec]">&gt;&gt;</a>&nbsp;&nbsp;&nbsp;UTIL_MEM_set_8
<LI><a href="#[31b]">&gt;&gt;</a>&nbsp;&nbsp;&nbsp;_tx_thread_create
</UL>

<P><STRONG><a name="[1ac]"></a>__aeabi_memclr4</STRONG> (Thumb, 0 bytes, Stack size unknown bytes, rt_memclr_w.o(.text))
<BR><BR>[Called By]<UL><LI><a href="#[1d6]">&gt;&gt;</a>&nbsp;&nbsp;&nbsp;HAL_UART_MspInit
<LI><a href="#[1aa]">&gt;&gt;</a>&nbsp;&nbsp;&nbsp;HAL_RTC_MspInit
<LI><a href="#[c7]">&gt;&gt;</a>&nbsp;&nbsp;&nbsp;TIMER_IF_StartTimer
<LI><a href="#[261]">&gt;&gt;</a>&nbsp;&nbsp;&nbsp;MX_RTC_Init
<LI><a href="#[2cf]">&gt;&gt;</a>&nbsp;&nbsp;&nbsp;RegionCN470NextChannel
<LI><a href="#[218]">&gt;&gt;</a>&nbsp;&nbsp;&nbsp;LoRaMacCryptoHandleJoinAccept
<LI><a href="#[30e]">&gt;&gt;</a>&nbsp;&nbsp;&nbsp;_tx_byte_pool_create
<LI><a href="#[311]">&gt;&gt;</a>&nbsp;&nbsp;&nbsp;_tx_timer_initialize
<LI><a href="#[310]">&gt;&gt;</a>&nbsp;&nbsp;&nbsp;_tx_thread_initialize
</UL>

<P><STRONG><a name="[31c]"></a>__aeabi_memclr8</STRONG> (Thumb, 0 bytes, Stack size unknown bytes, rt_memclr_w.o(.text))
<BR><BR>[Called By]<UL><LI><a href="#[31b]">&gt;&gt;</a>&nbsp;&nbsp;&nbsp;_tx_thread_create
</UL>

<P><STRONG><a name="[388]"></a>__rt_memclr_w</STRONG> (Thumb, 0 bytes, Stack size unknown bytes, rt_memclr_w.o(.text), UNUSED)

<P><STRONG><a name="[132]"></a>_memset_w</STRONG> (Thumb, 74 bytes, Stack size 4 bytes, rt_memclr_w.o(.text))
<BR><BR>[Stack]<UL><LI>Max Depth = 4<LI>Call Chain = _memset_w
</UL>
<BR>[Called By]<UL><LI><a href="#[121]">&gt;&gt;</a>&nbsp;&nbsp;&nbsp;_memset
</UL>

<P><STRONG><a name="[389]"></a>__use_two_region_memory</STRONG> (Thumb, 2 bytes, Stack size 0 bytes, heapauxi.o(.text), UNUSED)

<P><STRONG><a name="[38a]"></a>__rt_heap_escrow$2region</STRONG> (Thumb, 2 bytes, Stack size 0 bytes, heapauxi.o(.text), UNUSED)

<P><STRONG><a name="[38b]"></a>__rt_heap_expand$2region</STRONG> (Thumb, 2 bytes, Stack size 0 bytes, heapauxi.o(.text), UNUSED)

<P><STRONG><a name="[123]"></a>_printf_pre_padding</STRONG> (Thumb, 44 bytes, Stack size 16 bytes, _printf_pad.o(.text))
<BR><BR>[Stack]<UL><LI>Max Depth = 16<LI>Call Chain = _printf_pre_padding
</UL>
<BR>[Called By]<UL><LI><a href="#[129]">&gt;&gt;</a>&nbsp;&nbsp;&nbsp;_printf_wctomb
<LI><a href="#[122]">&gt;&gt;</a>&nbsp;&nbsp;&nbsp;_printf_str
<LI><a href="#[13b]">&gt;&gt;</a>&nbsp;&nbsp;&nbsp;_printf_fp_infnan
<LI><a href="#[13c]">&gt;&gt;</a>&nbsp;&nbsp;&nbsp;_printf_fp_hex_real
<LI><a href="#[139]">&gt;&gt;</a>&nbsp;&nbsp;&nbsp;_printf_fp_dec_real
<LI><a href="#[127]">&gt;&gt;</a>&nbsp;&nbsp;&nbsp;_printf_int_common
</UL>

<P><STRONG><a name="[124]"></a>_printf_post_padding</STRONG> (Thumb, 34 bytes, Stack size 16 bytes, _printf_pad.o(.text))
<BR><BR>[Stack]<UL><LI>Max Depth = 16<LI>Call Chain = _printf_post_padding
</UL>
<BR>[Called By]<UL><LI><a href="#[129]">&gt;&gt;</a>&nbsp;&nbsp;&nbsp;_printf_wctomb
<LI><a href="#[122]">&gt;&gt;</a>&nbsp;&nbsp;&nbsp;_printf_str
<LI><a href="#[13b]">&gt;&gt;</a>&nbsp;&nbsp;&nbsp;_printf_fp_infnan
<LI><a href="#[13c]">&gt;&gt;</a>&nbsp;&nbsp;&nbsp;_printf_fp_hex_real
<LI><a href="#[139]">&gt;&gt;</a>&nbsp;&nbsp;&nbsp;_printf_fp_dec_real
<LI><a href="#[127]">&gt;&gt;</a>&nbsp;&nbsp;&nbsp;_printf_int_common
</UL>

<P><STRONG><a name="[125]"></a>_printf_truncate_signed</STRONG> (Thumb, 18 bytes, Stack size 0 bytes, _printf_truncate.o(.text))
<BR><BR>[Called By]<UL><LI><a href="#[e2]">&gt;&gt;</a>&nbsp;&nbsp;&nbsp;_printf_int_dec
</UL>

<P><STRONG><a name="[126]"></a>_printf_truncate_unsigned</STRONG> (Thumb, 18 bytes, Stack size 0 bytes, _printf_truncate.o(.text))
<BR><BR>[Called By]<UL><LI><a href="#[e8]">&gt;&gt;</a>&nbsp;&nbsp;&nbsp;_printf_int_hex
<LI><a href="#[e6]">&gt;&gt;</a>&nbsp;&nbsp;&nbsp;_printf_int_oct
<LI><a href="#[e2]">&gt;&gt;</a>&nbsp;&nbsp;&nbsp;_printf_int_dec
</UL>

<P><STRONG><a name="[122]"></a>_printf_str</STRONG> (Thumb, 82 bytes, Stack size 16 bytes, _printf_str.o(.text))
<BR><BR>[Stack]<UL><LI>Max Depth = 32<LI>Call Chain = _printf_str &rArr; _printf_post_padding
</UL>
<BR>[Calls]<UL><LI><a href="#[124]">&gt;&gt;</a>&nbsp;&nbsp;&nbsp;_printf_post_padding
<LI><a href="#[123]">&gt;&gt;</a>&nbsp;&nbsp;&nbsp;_printf_pre_padding
</UL>
<BR>[Called By]<UL><LI><a href="#[13d]">&gt;&gt;</a>&nbsp;&nbsp;&nbsp;_printf_cs_common
</UL>

<P><STRONG><a name="[e2]"></a>_printf_int_dec</STRONG> (Thumb, 104 bytes, Stack size 24 bytes, _printf_dec.o(.text))
<BR><BR>[Stack]<UL><LI>Max Depth = 72<LI>Call Chain = _printf_int_dec &rArr; _printf_int_common &rArr; _printf_post_padding
</UL>
<BR>[Calls]<UL><LI><a href="#[126]">&gt;&gt;</a>&nbsp;&nbsp;&nbsp;_printf_truncate_unsigned
<LI><a href="#[125]">&gt;&gt;</a>&nbsp;&nbsp;&nbsp;_printf_truncate_signed
<LI><a href="#[127]">&gt;&gt;</a>&nbsp;&nbsp;&nbsp;_printf_int_common
</UL>
<BR>[Called By]<UL><LI><a href="#[e4]">&gt;&gt;</a>&nbsp;&nbsp;&nbsp;_printf_u
<LI><a href="#[e3]">&gt;&gt;</a>&nbsp;&nbsp;&nbsp;_printf_d
<LI><a href="#[e1]">&gt;&gt;</a>&nbsp;&nbsp;&nbsp;_printf_i
</UL>

<P><STRONG><a name="[d8]"></a>_printf_charcount</STRONG> (Thumb, 40 bytes, Stack size 0 bytes, _printf_charcount.o(.text))
<BR><BR>[Called By]<UL><LI><a href="#[d7]">&gt;&gt;</a>&nbsp;&nbsp;&nbsp;_printf_n
</UL>

<P><STRONG><a name="[119]"></a>_printf_char_common</STRONG> (Thumb, 32 bytes, Stack size 64 bytes, _printf_char_common.o(.text))
<BR><BR>[Stack]<UL><LI>Max Depth = 104 + Unknown Stack Size
<LI>Call Chain = _printf_char_common &rArr; __printf
</UL>
<BR>[Calls]<UL><LI><a href="#[128]">&gt;&gt;</a>&nbsp;&nbsp;&nbsp;__printf
</UL>
<BR>[Called By]<UL><LI><a href="#[118]">&gt;&gt;</a>&nbsp;&nbsp;&nbsp;vsnprintf
</UL>

<P><STRONG><a name="[11a]"></a>_sputc</STRONG> (Thumb, 10 bytes, Stack size 0 bytes, _sputc.o(.text))
<BR><BR>[Called By]<UL><LI><a href="#[118]">&gt;&gt;</a>&nbsp;&nbsp;&nbsp;vsnprintf
</UL>

<P><STRONG><a name="[6a]"></a>_snputc</STRONG> (Thumb, 16 bytes, Stack size 0 bytes, _snputc.o(.text))
<BR>[Address Reference Count : 1]<UL><LI> vsnprintf.o(.text)
</UL>
<P><STRONG><a name="[129]"></a>_printf_wctomb</STRONG> (Thumb, 182 bytes, Stack size 56 bytes, _printf_wctomb.o(.text))
<BR><BR>[Stack]<UL><LI>Max Depth = 80<LI>Call Chain = _printf_wctomb &rArr; _wcrtomb
</UL>
<BR>[Calls]<UL><LI><a href="#[124]">&gt;&gt;</a>&nbsp;&nbsp;&nbsp;_printf_post_padding
<LI><a href="#[123]">&gt;&gt;</a>&nbsp;&nbsp;&nbsp;_printf_pre_padding
<LI><a href="#[12a]">&gt;&gt;</a>&nbsp;&nbsp;&nbsp;_wcrtomb
</UL>
<BR>[Called By]<UL><LI><a href="#[13e]">&gt;&gt;</a>&nbsp;&nbsp;&nbsp;_printf_lcs_common
</UL>

<P><STRONG><a name="[ea]"></a>_printf_longlong_dec</STRONG> (Thumb, 108 bytes, Stack size 24 bytes, _printf_longlong_dec.o(.text))
<BR><BR>[Stack]<UL><LI>Max Depth = 72<LI>Call Chain = _printf_longlong_dec &rArr; _printf_int_common &rArr; _printf_post_padding
</UL>
<BR>[Calls]<UL><LI><a href="#[127]">&gt;&gt;</a>&nbsp;&nbsp;&nbsp;_printf_int_common
<LI><a href="#[12b]">&gt;&gt;</a>&nbsp;&nbsp;&nbsp;_ll_udiv10
</UL>
<BR>[Called By]<UL><LI><a href="#[ec]">&gt;&gt;</a>&nbsp;&nbsp;&nbsp;_printf_llu
<LI><a href="#[eb]">&gt;&gt;</a>&nbsp;&nbsp;&nbsp;_printf_lld
<LI><a href="#[e9]">&gt;&gt;</a>&nbsp;&nbsp;&nbsp;_printf_lli
</UL>

<P><STRONG><a name="[12c]"></a>_printf_longlong_oct</STRONG> (Thumb, 68 bytes, Stack size 8 bytes, _printf_oct_int_ll.o(.text))
<BR><BR>[Stack]<UL><LI>Max Depth = 56<LI>Call Chain = _printf_longlong_oct &rArr; _printf_int_common &rArr; _printf_post_padding
</UL>
<BR>[Calls]<UL><LI><a href="#[127]">&gt;&gt;</a>&nbsp;&nbsp;&nbsp;_printf_int_common
</UL>
<BR>[Called By]<UL><LI><a href="#[ee]">&gt;&gt;</a>&nbsp;&nbsp;&nbsp;_printf_ll_oct
<LI><a href="#[e6]">&gt;&gt;</a>&nbsp;&nbsp;&nbsp;_printf_int_oct
</UL>

<P><STRONG><a name="[e6]"></a>_printf_int_oct</STRONG> (Thumb, 24 bytes, Stack size 8 bytes, _printf_oct_int_ll.o(.text))
<BR><BR>[Stack]<UL><LI>Max Depth = 64<LI>Call Chain = _printf_int_oct &rArr; _printf_longlong_oct &rArr; _printf_int_common &rArr; _printf_post_padding
</UL>
<BR>[Calls]<UL><LI><a href="#[12c]">&gt;&gt;</a>&nbsp;&nbsp;&nbsp;_printf_longlong_oct
<LI><a href="#[126]">&gt;&gt;</a>&nbsp;&nbsp;&nbsp;_printf_truncate_unsigned
</UL>
<BR>[Called By]<UL><LI><a href="#[e5]">&gt;&gt;</a>&nbsp;&nbsp;&nbsp;_printf_o
</UL>

<P><STRONG><a name="[ee]"></a>_printf_ll_oct</STRONG> (Thumb, 12 bytes, Stack size 0 bytes, _printf_oct_int_ll.o(.text))
<BR><BR>[Stack]<UL><LI>Max Depth = 56<LI>Call Chain = _printf_ll_oct &rArr; _printf_longlong_oct &rArr; _printf_int_common &rArr; _printf_post_padding
</UL>
<BR>[Calls]<UL><LI><a href="#[12c]">&gt;&gt;</a>&nbsp;&nbsp;&nbsp;_printf_longlong_oct
</UL>
<BR>[Called By]<UL><LI><a href="#[ed]">&gt;&gt;</a>&nbsp;&nbsp;&nbsp;_printf_llo
</UL>

<P><STRONG><a name="[12d]"></a>_printf_longlong_hex</STRONG> (Thumb, 86 bytes, Stack size 16 bytes, _printf_hex_int_ll_ptr.o(.text))
<BR><BR>[Stack]<UL><LI>Max Depth = 64<LI>Call Chain = _printf_longlong_hex &rArr; _printf_int_common &rArr; _printf_post_padding
</UL>
<BR>[Calls]<UL><LI><a href="#[127]">&gt;&gt;</a>&nbsp;&nbsp;&nbsp;_printf_int_common
</UL>
[...]
<LI><a href="#[167]">&gt;&gt;</a>&nbsp;&nbsp;&nbsp;UTIL_ADV_TRACE_COND_FSend
<LI><a href="#[298]">&gt;&gt;</a>&nbsp;&nbsp;&nbsp;SUBGRF_WriteRegister
<LI><a href="#[2aa]">&gt;&gt;</a>&nbsp;&nbsp;&nbsp;SUBGRF_SetSwitch
<LI><a href="#[2a6]">&gt;&gt;</a>&nbsp;&nbsp;&nbsp;SUBGRF_SetPacketParams
<LI><a href="#[293]">&gt;&gt;</a>&nbsp;&nbsp;&nbsp;SUBGRF_SetDioIrqParams
<LI><a href="#[2b1]">&gt;&gt;</a>&nbsp;&nbsp;&nbsp;SUBGRF_SendPayload
<LI><a href="#[299]">&gt;&gt;</a>&nbsp;&nbsp;&nbsp;SUBGRF_ReadRegister
<LI><a href="#[2b0]">&gt;&gt;</a>&nbsp;&nbsp;&nbsp;RFW_TransmitInit
<LI><a href="#[29c]">&gt;&gt;</a>&nbsp;&nbsp;&nbsp;RFW_Is_Init
</UL>
<BR>[Address Reference Count : 1]<UL><LI> radio.o(.rodata.Radio)
</UL>
<P><STRONG><a name="[a1]"></a>RadioSetChannel</STRONG> (Thumb, 4 bytes, Stack size 0 bytes, radio.o(.text.RadioSetChannel))
<BR><BR>[Stack]<UL><LI>Max Depth = 72<LI>Call Chain = RadioSetChannel &rArr; SUBGRF_SetRfFrequency &rArr; __aeabi_uldivmod
</UL>
<BR>[Calls]<UL><LI><a href="#[2a1]">&gt;&gt;</a>&nbsp;&nbsp;&nbsp;SUBGRF_SetRfFrequency
</UL>
<BR>[Address Reference Count : 1]<UL><LI> radio.o(.rodata.Radio)
</UL>
<P><STRONG><a name="[b3]"></a>RadioSetMaxPayloadLength</STRONG> (Thumb, 58 bytes, Stack size 0 bytes, radio.o(.text.RadioSetMaxPayloadLength))
<BR><BR>[Stack]<UL><LI>Max Depth = 68<LI>Call Chain = RadioSetMaxPayloadLength &rArr; SUBGRF_SetPacketParams &rArr; HAL_SUBGHZ_ExecSetCmd
</UL>
<BR>[Calls]<UL><LI><a href="#[2a6]">&gt;&gt;</a>&nbsp;&nbsp;&nbsp;SUBGRF_SetPacketParams
</UL>
<BR>[Address Reference Count : 1]<UL><LI> radio.o(.rodata.Radio)
</UL>
<P><STRONG><a name="[a0]"></a>RadioSetModem</STRONG> (Thumb, 144 bytes, Stack size 16 bytes, radio.o(.text.RadioSetModem))
<BR><BR>[Stack]<UL><LI>Max Depth = 68 + In Cycle
<LI>Call Chain = RadioSetModem &rArr;  RadioSetModem (Cycle)
</UL>
<BR>[Calls]<UL><LI><a href="#[298]">&gt;&gt;</a>&nbsp;&nbsp;&nbsp;SUBGRF_WriteRegister
<LI><a href="#[2a0]">&gt;&gt;</a>&nbsp;&nbsp;&nbsp;SUBGRF_SetPacketType
<LI><a href="#[29f]">&gt;&gt;</a>&nbsp;&nbsp;&nbsp;RFW_SetRadioModem
<LI><a href="#[a0]">&gt;&gt;</a>&nbsp;&nbsp;&nbsp;RadioSetModem
</UL>
<BR>[Called By]<UL><LI><a href="#[bc]">&gt;&gt;</a>&nbsp;&nbsp;&nbsp;RadioSetTxGenericConfig
<LI><a href="#[a5]">&gt;&gt;</a>&nbsp;&nbsp;&nbsp;RadioSetTxConfig
<LI><a href="#[bb]">&gt;&gt;</a>&nbsp;&nbsp;&nbsp;RadioSetRxGenericConfig
<LI><a href="#[a4]">&gt;&gt;</a>&nbsp;&nbsp;&nbsp;RadioSetRxConfig
<LI><a href="#[b4]">&gt;&gt;</a>&nbsp;&nbsp;&nbsp;RadioSetPublicNetwork
<LI><a href="#[a0]">&gt;&gt;</a>&nbsp;&nbsp;&nbsp;RadioSetModem
</UL>
<BR>[Address Reference Count : 1]<UL><LI> radio.o(.rodata.Radio)
</UL>
<P><STRONG><a name="[b4]"></a>RadioSetPublicNetwork</STRONG> (Thumb, 58 bytes, Stack size 8 bytes, radio.o(.text.RadioSetPublicNetwork))
<BR><BR>[Stack]<UL><LI>Max Depth = 76<LI>Call Chain = RadioSetPublicNetwork &rArr; RadioSetModem &rArr;  RadioSetModem (Cycle)
</UL>
<BR>[Calls]<UL><LI><a href="#[298]">&gt;&gt;</a>&nbsp;&nbsp;&nbsp;SUBGRF_WriteRegister
<LI><a href="#[a0]">&gt;&gt;</a>&nbsp;&nbsp;&nbsp;RadioSetModem
</UL>
<BR>[Address Reference Count : 1]<UL><LI> radio.o(.rodata.Radio)
</UL>
<P><STRONG><a name="[a4]"></a>RadioSetRxConfig</STRONG> (Thumb, 762 bytes, Stack size 56 bytes, radio.o(.text.RadioSetRxConfig))
<BR><BR>[Stack]<UL><LI>Max Depth = 136<LI>Call Chain = RadioSetRxConfig &rArr; SUBGRF_SetModulationParams &rArr; __aeabi_uldivmod
</UL>
<BR>[Calls]<UL><LI><a href="#[298]">&gt;&gt;</a>&nbsp;&nbsp;&nbsp;SUBGRF_WriteRegister
<LI><a href="#[2a8]">&gt;&gt;</a>&nbsp;&nbsp;&nbsp;SUBGRF_SetWhiteningSeed
<LI><a href="#[2a7]">&gt;&gt;</a>&nbsp;&nbsp;&nbsp;SUBGRF_SetSyncWord
<LI><a href="#[2a3]">&gt;&gt;</a>&nbsp;&nbsp;&nbsp;SUBGRF_SetStopRxTimerOnPreambleDetect
<LI><a href="#[295]">&gt;&gt;</a>&nbsp;&nbsp;&nbsp;SUBGRF_SetStandby
<LI><a href="#[2a0]">&gt;&gt;</a>&nbsp;&nbsp;&nbsp;SUBGRF_SetPacketType
<LI><a href="#[2a6]">&gt;&gt;</a>&nbsp;&nbsp;&nbsp;SUBGRF_SetPacketParams
<LI><a href="#[2a5]">&gt;&gt;</a>&nbsp;&nbsp;&nbsp;SUBGRF_SetModulationParams
<LI><a href="#[2b2]">&gt;&gt;</a>&nbsp;&nbsp;&nbsp;SUBGRF_SetLoRaSymbNumTimeout
<LI><a href="#[299]">&gt;&gt;</a>&nbsp;&nbsp;&nbsp;SUBGRF_ReadRegister
<LI><a href="#[2a4]">&gt;&gt;</a>&nbsp;&nbsp;&nbsp;SUBGRF_GetFskBandwidthRegValue
<LI><a href="#[29f]">&gt;&gt;</a>&nbsp;&nbsp;&nbsp;RFW_SetRadioModem
<LI><a href="#[2a2]">&gt;&gt;</a>&nbsp;&nbsp;&nbsp;RFW_DeInit
<LI><a href="#[a0]">&gt;&gt;</a>&nbsp;&nbsp;&nbsp;RadioSetModem
</UL>
<BR>[Address Reference Count : 1]<UL><LI> radio.o(.rodata.Radio)
</UL>
<P><STRONG><a name="[b8]"></a>RadioSetRxDutyCycle</STRONG> (Thumb, 58 bytes, Stack size 16 bytes, radio.o(.text.RadioSetRxDutyCycle))
<BR><BR>[Stack]<UL><LI>Max Depth = 76<LI>Call Chain = RadioSetRxDutyCycle &rArr; SUBGRF_SetRxDutyCycle &rArr; HAL_SUBGHZ_ExecSetCmd
</UL>
<BR>[Calls]<UL><LI><a href="#[2aa]">&gt;&gt;</a>&nbsp;&nbsp;&nbsp;SUBGRF_SetSwitch
<LI><a href="#[2b3]">&gt;&gt;</a>&nbsp;&nbsp;&nbsp;SUBGRF_SetRxDutyCycle
<LI><a href="#[293]">&gt;&gt;</a>&nbsp;&nbsp;&nbsp;SUBGRF_SetDioIrqParams
</UL>
<BR>[Address Reference Count : 1]<UL><LI> radio.o(.rodata.Radio)
</UL>
<P><STRONG><a name="[bb]"></a>RadioSetRxGenericConfig</STRONG> (Thumb, 576 bytes, Stack size 56 bytes, radio.o(.text.RadioSetRxGenericConfig))
<BR><BR>[Stack]<UL><LI>Max Depth = 136<LI>Call Chain = RadioSetRxGenericConfig &rArr; SUBGRF_SetModulationParams &rArr; __aeabi_uldivmod
</UL>
<BR>[Calls]<UL><LI><a href="#[186]">&gt;&gt;</a>&nbsp;&nbsp;&nbsp;UTIL_MEM_cpy_8
<LI><a href="#[298]">&gt;&gt;</a>&nbsp;&nbsp;&nbsp;SUBGRF_WriteRegister
<LI><a href="#[2a8]">&gt;&gt;</a>&nbsp;&nbsp;&nbsp;SUBGRF_SetWhiteningSeed
<LI><a href="#[2a7]">&gt;&gt;</a>&nbsp;&nbsp;&nbsp;SUBGRF_SetSyncWord
<LI><a href="#[2a3]">&gt;&gt;</a>&nbsp;&nbsp;&nbsp;SUBGRF_SetStopRxTimerOnPreambleDetect
<LI><a href="#[295]">&gt;&gt;</a>&nbsp;&nbsp;&nbsp;SUBGRF_SetStandby
<LI><a href="#[2a0]">&gt;&gt;</a>&nbsp;&nbsp;&nbsp;SUBGRF_SetPacketType
<LI><a href="#[2a6]">&gt;&gt;</a>&nbsp;&nbsp;&nbsp;SUBGRF_SetPacketParams
<LI><a href="#[2a5]">&gt;&gt;</a>&nbsp;&nbsp;&nbsp;SUBGRF_SetModulationParams
<LI><a href="#[2b2]">&gt;&gt;</a>&nbsp;&nbsp;&nbsp;SUBGRF_SetLoRaSymbNumTimeout
<LI><a href="#[2b5]">&gt;&gt;</a>&nbsp;&nbsp;&nbsp;SUBGRF_SetCrcPolynomial
<LI><a href="#[299]">&gt;&gt;</a>&nbsp;&nbsp;&nbsp;SUBGRF_ReadRegister
<LI><a href="#[2a4]">&gt;&gt;</a>&nbsp;&nbsp;&nbsp;SUBGRF_GetFskBandwidthRegValue
<LI><a href="#[29f]">&gt;&gt;</a>&nbsp;&nbsp;&nbsp;RFW_SetRadioModem
<LI><a href="#[2b4]">&gt;&gt;</a>&nbsp;&nbsp;&nbsp;RFW_Init
<LI><a href="#[2a2]">&gt;&gt;</a>&nbsp;&nbsp;&nbsp;RFW_DeInit
<LI><a href="#[a0]">&gt;&gt;</a>&nbsp;&nbsp;&nbsp;RadioSetModem
</UL>
<BR>[Address Reference Count : 1]<UL><LI> radio.o(.rodata.Radio)
</UL>
<P><STRONG><a name="[a5]"></a>RadioSetTxConfig</STRONG> (Thumb, 454 bytes, Stack size 48 bytes, radio.o(.text.RadioSetTxConfig))
<BR><BR>[Stack]<UL><LI>Max Depth = 132<LI>Call Chain = RadioSetTxConfig &rArr; SUBGRF_SetRfTxPower &rArr; SUBGRF_SetTxParams &rArr; HAL_SUBGHZ_ExecSetCmd
</UL>
<BR>[Calls]<UL><LI><a href="#[298]">&gt;&gt;</a>&nbsp;&nbsp;&nbsp;SUBGRF_WriteRegister
<LI><a href="#[2a8]">&gt;&gt;</a>&nbsp;&nbsp;&nbsp;SUBGRF_SetWhiteningSeed
<LI><a href="#[2a7]">&gt;&gt;</a>&nbsp;&nbsp;&nbsp;SUBGRF_SetSyncWord
<LI><a href="#[295]">&gt;&gt;</a>&nbsp;&nbsp;&nbsp;SUBGRF_SetStandby
<LI><a href="#[2b6]">&gt;&gt;</a>&nbsp;&nbsp;&nbsp;SUBGRF_SetRfTxPower
<LI><a href="#[2a0]">&gt;&gt;</a>&nbsp;&nbsp;&nbsp;SUBGRF_SetPacketType
<LI><a href="#[2a6]">&gt;&gt;</a>&nbsp;&nbsp;&nbsp;SUBGRF_SetPacketParams
<LI><a href="#[2a5]">&gt;&gt;</a>&nbsp;&nbsp;&nbsp;SUBGRF_SetModulationParams
<LI><a href="#[2a4]">&gt;&gt;</a>&nbsp;&nbsp;&nbsp;SUBGRF_GetFskBandwidthRegValue
<LI><a href="#[29f]">&gt;&gt;</a>&nbsp;&nbsp;&nbsp;RFW_SetRadioModem
<LI><a href="#[2b7]">&gt;&gt;</a>&nbsp;&nbsp;&nbsp;RFW_SetAntSwitch
<LI><a href="#[2a2]">&gt;&gt;</a>&nbsp;&nbsp;&nbsp;RFW_DeInit
<LI><a href="#[a0]">&gt;&gt;</a>&nbsp;&nbsp;&nbsp;RadioSetModem
</UL>
<BR>[Address Reference Count : 1]<UL><LI> radio.o(.rodata.Radio)
</UL>
<P><STRONG><a name="[ad]"></a>RadioSetTxContinuousWave</STRONG> (Thumb, 74 bytes, Stack size 16 bytes, radio.o(.text.RadioSetTxContinuousWave))
<BR><BR>[Stack]<UL><LI>Max Depth = 100<LI>Call Chain = RadioSetTxContinuousWave &rArr; SUBGRF_SetRfTxPower &rArr; SUBGRF_SetTxParams &rArr; HAL_SUBGHZ_ExecSetCmd
</UL>
<BR>[Calls]<UL><LI><a href="#[16d]">&gt;&gt;</a>&nbsp;&nbsp;&nbsp;UTIL_TIMER_Start
<LI><a href="#[16c]">&gt;&gt;</a>&nbsp;&nbsp;&nbsp;UTIL_TIMER_SetPeriod
<LI><a href="#[298]">&gt;&gt;</a>&nbsp;&nbsp;&nbsp;SUBGRF_WriteRegister
<LI><a href="#[2b8]">&gt;&gt;</a>&nbsp;&nbsp;&nbsp;SUBGRF_SetTxContinuousWave
<LI><a href="#[2aa]">&gt;&gt;</a>&nbsp;&nbsp;&nbsp;SUBGRF_SetSwitch
<LI><a href="#[2b6]">&gt;&gt;</a>&nbsp;&nbsp;&nbsp;SUBGRF_SetRfTxPower
<LI><a href="#[2a1]">&gt;&gt;</a>&nbsp;&nbsp;&nbsp;SUBGRF_SetRfFrequency
</UL>
<BR>[Address Reference Count : 1]<UL><LI> radio.o(.rodata.Radio)
</UL>
<P><STRONG><a name="[bc]"></a>RadioSetTxGenericConfig</STRONG> (Thumb, 706 bytes, Stack size 56 bytes, radio.o(.text.RadioSetTxGenericConfig))
<BR><BR>[Stack]<UL><LI>Max Depth = 140<LI>Call Chain = RadioSetTxGenericConfig &rArr; SUBGRF_SetRfTxPower &rArr; SUBGRF_SetTxParams &rArr; HAL_SUBGHZ_ExecSetCmd
</UL>
<BR>[Calls]<UL><LI><a href="#[186]">&gt;&gt;</a>&nbsp;&nbsp;&nbsp;UTIL_MEM_cpy_8
<LI><a href="#[298]">&gt;&gt;</a>&nbsp;&nbsp;&nbsp;SUBGRF_WriteRegister
<LI><a href="#[2a8]">&gt;&gt;</a>&nbsp;&nbsp;&nbsp;SUBGRF_SetWhiteningSeed
<LI><a href="#[2a7]">&gt;&gt;</a>&nbsp;&nbsp;&nbsp;SUBGRF_SetSyncWord
<LI><a href="#[295]">&gt;&gt;</a>&nbsp;&nbsp;&nbsp;SUBGRF_SetStandby
<LI><a href="#[2b6]">&gt;&gt;</a>&nbsp;&nbsp;&nbsp;SUBGRF_SetRfTxPower
<LI><a href="#[2a0]">&gt;&gt;</a>&nbsp;&nbsp;&nbsp;SUBGRF_SetPacketType
<LI><a href="#[2a6]">&gt;&gt;</a>&nbsp;&nbsp;&nbsp;SUBGRF_SetPacketParams
<LI><a href="#[2a5]">&gt;&gt;</a>&nbsp;&nbsp;&nbsp;SUBGRF_SetModulationParams
<LI><a href="#[2b5]">&gt;&gt;</a>&nbsp;&nbsp;&nbsp;SUBGRF_SetCrcPolynomial
<LI><a href="#[299]">&gt;&gt;</a>&nbsp;&nbsp;&nbsp;SUBGRF_ReadRegister
<LI><a href="#[29f]">&gt;&gt;</a>&nbsp;&nbsp;&nbsp;RFW_SetRadioModem
<LI><a href="#[2b7]">&gt;&gt;</a>&nbsp;&nbsp;&nbsp;RFW_SetAntSwitch
<LI><a href="#[2b4]">&gt;&gt;</a>&nbsp;&nbsp;&nbsp;RFW_Init
<LI><a href="#[2a2]">&gt;&gt;</a>&nbsp;&nbsp;&nbsp;RFW_DeInit
<LI><a href="#[a0]">&gt;&gt;</a>&nbsp;&nbsp;&nbsp;RadioSetModem
</UL>
<BR>[Address Reference Count : 1]<UL><LI> radio.o(.rodata.Radio)
</UL>
<P><STRONG><a name="[a9]"></a>RadioSleep</STRONG> (Thumb, 18 bytes, Stack size 8 bytes, radio.o(.text.RadioSleep))
<BR><BR>[Stack]<UL><LI>Max Depth = 68<LI>Call Chain = RadioSleep &rArr; HAL_Delay &rArr; TIMER_IF_DelayMs &rArr; __aeabi_uldivmod
</UL>
<BR>[Calls]<UL><LI><a href="#[191]">&gt;&gt;</a>&nbsp;&nbsp;&nbsp;HAL_Delay
<LI><a href="#[294]">&gt;&gt;</a>&nbsp;&nbsp;&nbsp;SUBGRF_SetSleep
</UL>
<BR>[Address Reference Count : 1]<UL><LI> radio.o(.rodata.Radio)
</UL>
<P><STRONG><a name="[aa]"></a>RadioStandby</STRONG> (Thumb, 6 bytes, Stack size 0 bytes, radio.o(.text.RadioStandby))
<BR><BR>[Stack]<UL><LI>Max Depth = 52<LI>Call Chain = RadioStandby &rArr; SUBGRF_SetStandby &rArr; HAL_SUBGHZ_ExecSetCmd
</UL>
<BR>[Calls]<UL><LI><a href="#[295]">&gt;&gt;</a>&nbsp;&nbsp;&nbsp;SUBGRF_SetStandby
</UL>
<BR>[Address Reference Count : 1]<UL><LI> radio.o(.rodata.Radio)
</UL>
<P><STRONG><a name="[ac]"></a>RadioStartCad</STRONG> (Thumb, 44 bytes, Stack size 8 bytes, radio.o(.text.RadioStartCad))
<BR><BR>[Stack]<UL><LI>Max Depth = 64<LI>Call Chain = RadioStartCad &rArr; SUBGRF_SetSwitch &rArr; HAL_SUBGHZ_WriteRegisters
</UL>
<BR>[Calls]<UL><LI><a href="#[2aa]">&gt;&gt;</a>&nbsp;&nbsp;&nbsp;SUBGRF_SetSwitch
<LI><a href="#[293]">&gt;&gt;</a>&nbsp;&nbsp;&nbsp;SUBGRF_SetDioIrqParams
<LI><a href="#[2b9]">&gt;&gt;</a>&nbsp;&nbsp;&nbsp;SUBGRF_SetCad
</UL>
<BR>[Address Reference Count : 1]<UL><LI> radio.o(.rodata.Radio)
</UL>
<P><STRONG><a name="[a7]"></a>RadioTimeOnAir</STRONG> (Thumb, 428 bytes, Stack size 28 bytes, radio.o(.text.RadioTimeOnAir))
<BR><BR>[Stack]<UL><LI>Max Depth = 28<LI>Call Chain = RadioTimeOnAir
</UL>
<BR>[Address Reference Count : 1]<UL><LI> radio.o(.rodata.Radio)
</UL>
<P><STRONG><a name="[ba]"></a>RadioTxCw</STRONG> (Thumb, 34 bytes, Stack size 8 bytes, radio.o(.text.RadioTxCw))
<BR><BR>[Stack]<UL><LI>Max Depth = 92<LI>Call Chain = RadioTxCw &rArr; SUBGRF_SetRfTxPower &rArr; SUBGRF_SetTxParams &rArr; HAL_SUBGHZ_ExecSetCmd
</UL>
<BR>[Calls]<UL><LI><a href="#[298]">&gt;&gt;</a>&nbsp;&nbsp;&nbsp;SUBGRF_WriteRegister
<LI><a href="#[2b8]">&gt;&gt;</a>&nbsp;&nbsp;&nbsp;SUBGRF_SetTxContinuousWave
<LI><a href="#[2aa]">&gt;&gt;</a>&nbsp;&nbsp;&nbsp;SUBGRF_SetSwitch
<LI><a href="#[2b6]">&gt;&gt;</a>&nbsp;&nbsp;&nbsp;SUBGRF_SetRfTxPower
</UL>
<BR>[Address Reference Count : 1]<UL><LI> radio.o(.rodata.Radio)
</UL>
<P><STRONG><a name="[b9]"></a>RadioTxPrbs</STRONG> (Thumb, 50 bytes, Stack size 8 bytes, radio.o(.text.RadioTxPrbs))
<BR><BR>[Stack]<UL><LI>Max Depth = 64<LI>Call Chain = RadioTxPrbs &rArr; SUBGRF_SetSwitch &rArr; HAL_SUBGHZ_WriteRegisters
</UL>
<BR>[Calls]<UL><LI><a href="#[298]">&gt;&gt;</a>&nbsp;&nbsp;&nbsp;SUBGRF_WriteRegister
<LI><a href="#[2ba]">&gt;&gt;</a>&nbsp;&nbsp;&nbsp;SUBGRF_SetTxInfinitePreamble
<LI><a href="#[2bb]">&gt;&gt;</a>&nbsp;&nbsp;&nbsp;SUBGRF_SetTx
<LI><a href="#[2aa]">&gt;&gt;</a>&nbsp;&nbsp;&nbsp;SUBGRF_SetSwitch
</UL>
<BR>[Address Reference Count : 1]<UL><LI> radio.o(.rodata.Radio)
</UL>
<P><STRONG><a name="[af]"></a>RadioWrite</STRONG> (Thumb, 4 bytes, Stack size 0 bytes, radio.o(.text.RadioWrite))
<BR><BR>[Stack]<UL><LI>Max Depth = 48<LI>Call Chain = RadioWrite &rArr; SUBGRF_WriteRegister &rArr; HAL_SUBGHZ_WriteRegisters
</UL>
<BR>[Calls]<UL><LI><a href="#[298]">&gt;&gt;</a>&nbsp;&nbsp;&nbsp;SUBGRF_WriteRegister
</UL>
<BR>[Address Reference Count : 1]<UL><LI> radio.o(.rodata.Radio)
</UL>
<P><STRONG><a name="[b1]"></a>RadioWriteRegisters</STRONG> (Thumb, 4 bytes, Stack size 0 bytes, radio.o(.text.RadioWriteRegisters))
<BR><BR>[Stack]<UL><LI>Max Depth = 40<LI>Call Chain = RadioWriteRegisters &rArr; SUBGRF_WriteRegisters &rArr; HAL_SUBGHZ_WriteRegisters
</UL>
<BR>[Calls]<UL><LI><a href="#[2bc]">&gt;&gt;</a>&nbsp;&nbsp;&nbsp;SUBGRF_WriteRegisters
</UL>
<BR>[Address Reference Count : 1]<UL><LI> radio.o(.rodata.Radio)
</UL>
<P><STRONG><a name="[300]"></a>TRACE_Send</STRONG> (Thumb, 170 bytes, Stack size 16 bytes, stm32_adv_trace.o(.text.TRACE_Send))
<BR><BR>[Stack]<UL><LI>Max Depth = 16<LI>Call Chain = TRACE_Send
</UL>
<BR>[Calls]<UL><LI><a href="#[301]">&gt;&gt;</a>&nbsp;&nbsp;&nbsp;UTIL_ADV_TRACE_PreSendHook
</UL>
<BR>[Called By]<UL><LI><a href="#[167]">&gt;&gt;</a>&nbsp;&nbsp;&nbsp;UTIL_ADV_TRACE_COND_FSend
</UL>

<P><STRONG><a name="[92]"></a>TRACE_TxCpltCallback</STRONG> (Thumb, 174 bytes, Stack size 8 bytes, stm32_adv_trace.o(.text.TRACE_TxCpltCallback))
<BR><BR>[Stack]<UL><LI>Max Depth = 8<LI>Call Chain = TRACE_TxCpltCallback
</UL>
<BR>[Calls]<UL><LI><a href="#[302]">&gt;&gt;</a>&nbsp;&nbsp;&nbsp;UTIL_ADV_TRACE_PostSendHook
</UL>
<BR>[Address Reference Count : 1]<UL><LI> stm32_adv_trace.o(.text.UTIL_ADV_TRACE_Init)
</UL>
<P><STRONG><a name="[9b]"></a>AppTaskIDLE</STRONG> (Thumb, 10 bytes, Stack size 0 bytes, app_azure_rtos.o(.text.AppTaskIDLE))
<BR><BR>[Stack]<UL><LI>Max Depth = 48 + In Cycle
<LI>Call Chain = AppTaskIDLE &rArr;  AppTaskIDLE (Cycle)
</UL>
<BR>[Calls]<UL><LI><a href="#[15f]">&gt;&gt;</a>&nbsp;&nbsp;&nbsp;_tx_thread_sleep
<LI><a href="#[9b]">&gt;&gt;</a>&nbsp;&nbsp;&nbsp;AppTaskIDLE
</UL>
<BR>[Called By]<UL><LI><a href="#[9b]">&gt;&gt;</a>&nbsp;&nbsp;&nbsp;AppTaskIDLE
</UL>
<BR>[Address Reference Count : 1]<UL><LI> app_azure_rtos.o(.text.tx_application_define)
</UL>
<P><STRONG><a name="[9d]"></a>AppTaskModbus</STRONG> (Thumb, 40 bytes, Stack size 8 bytes, app_azure_rtos.o(.text.AppTaskModbus))
<BR><BR>[Stack]<UL><LI>Max Depth = 112 + Unknown Stack Size
<LI>Call Chain = AppTaskModbus &rArr; eMBPoll &rArr; eMBRTUReceive &rArr; __aeabi_assert &rArr; abort &rArr; __rt_SIGABRT &rArr; __rt_SIGABRT_inner &rArr; __default_signal_display &rArr; _ttywrch
</UL>
<BR>[Calls]<UL><LI><a href="#[162]">&gt;&gt;</a>&nbsp;&nbsp;&nbsp;eMBPoll
<LI><a href="#[160]">&gt;&gt;</a>&nbsp;&nbsp;&nbsp;eMBInit
<LI><a href="#[161]">&gt;&gt;</a>&nbsp;&nbsp;&nbsp;eMBEnable
<LI><a href="#[15f]">&gt;&gt;</a>&nbsp;&nbsp;&nbsp;_tx_thread_sleep
</UL>
<BR>[Address Reference Count : 1]<UL><LI> app_azure_rtos.o(.text.tx_application_define)
</UL>
<P><STRONG><a name="[9c]"></a>AppTaskPrint</STRONG> (Thumb, 400 bytes, Stack size 24 bytes, app_azure_rtos.o(.text.AppTaskPrint))
<BR><BR>[Stack]<UL><LI>Max Depth = 488 + Unknown Stack Size
<LI>Call Chain = AppTaskPrint &rArr; App_Printf &rArr; UTIL_ADV_TRACE_COND_FSend &rArr; tiny_vsnprintf_like &rArr; strlen
</UL>
<BR>[Calls]<UL><LI><a href="#[167]">&gt;&gt;</a>&nbsp;&nbsp;&nbsp;UTIL_ADV_TRACE_COND_FSend
<LI><a href="#[15f]">&gt;&gt;</a>&nbsp;&nbsp;&nbsp;_tx_thread_sleep
<LI><a href="#[163]">&gt;&gt;</a>&nbsp;&nbsp;&nbsp;App_Printf
<LI><a href="#[164]">&gt;&gt;</a>&nbsp;&nbsp;&nbsp;__aeabi_ul2d
<LI><a href="#[165]">&gt;&gt;</a>&nbsp;&nbsp;&nbsp;__aeabi_ui2d
<LI><a href="#[166]">&gt;&gt;</a>&nbsp;&nbsp;&nbsp;__aeabi_ddiv
</UL>
<BR>[Address Reference Count : 1]<UL><LI> app_azure_rtos.o(.text.tx_application_define)
</UL>
<P><STRONG><a name="[163]"></a>App_Printf</STRONG> (Thumb, 80 bytes, Stack size 240 bytes, app_azure_rtos.o(.text.App_Printf))
<BR><BR>[Stack]<UL><LI>Max Depth = 464 + Unknown Stack Size
<LI>Call Chain = App_Printf &rArr; UTIL_ADV_TRACE_COND_FSend &rArr; tiny_vsnprintf_like &rArr; strlen
</UL>
<BR>[Calls]<UL><LI><a href="#[167]">&gt;&gt;</a>&nbsp;&nbsp;&nbsp;UTIL_ADV_TRACE_COND_FSend
<LI><a href="#[173]">&gt;&gt;</a>&nbsp;&nbsp;&nbsp;_txe_mutex_put
<LI><a href="#[172]">&gt;&gt;</a>&nbsp;&nbsp;&nbsp;_txe_mutex_get
<LI><a href="#[118]">&gt;&gt;</a>&nbsp;&nbsp;&nbsp;vsnprintf
</UL>
<BR>[Called By]<UL><LI><a href="#[9c]">&gt;&gt;</a>&nbsp;&nbsp;&nbsp;AppTaskPrint
</UL>

<P><STRONG><a name="[358]"></a>_fadd1</STRONG> (Thumb, 0 bytes, Stack size unknown bytes, faddsub_clz.o(x$fpl$fadd), UNUSED)
<BR><BR>[Called By]<UL><LI><a href="#[357]">&gt;&gt;</a>&nbsp;&nbsp;&nbsp;_fsub
</UL>

<P><STRONG><a name="[359]"></a>fadd_zerodenorm</STRONG> (Thumb, 0 bytes, Stack size unknown bytes, faddsub_clz.o(x$fpl$fadd), UNUSED)
<BR><BR>[Called By]<UL><LI><a href="#[357]">&gt;&gt;</a>&nbsp;&nbsp;&nbsp;_fsub
</UL>

<P><STRONG><a name="[35a]"></a>fsub_bzero</STRONG> (Thumb, 0 bytes, Stack size unknown bytes, faddsub_clz.o(x$fpl$fadd), UNUSED)
<BR><BR>[Called By]<UL><LI><a href="#[357]">&gt;&gt;</a>&nbsp;&nbsp;&nbsp;_fsub
</UL>

<P><STRONG><a name="[34e]"></a>_fsub1</STRONG> (Thumb, 0 bytes, Stack size unknown bytes, faddsub_clz.o(x$fpl$fsub), UNUSED)
<BR><BR>[Called By]<UL><LI><a href="#[34d]">&gt;&gt;</a>&nbsp;&nbsp;&nbsp;_fadd
</UL>

<P><STRONG><a name="[34f]"></a>fsub_zerodenorm</STRONG> (Thumb, 0 bytes, Stack size unknown bytes, faddsub_clz.o(x$fpl$fsub), UNUSED)
<BR><BR>[Called By]<UL><LI><a href="#[34d]">&gt;&gt;</a>&nbsp;&nbsp;&nbsp;_fadd
</UL>

<P><STRONG><a name="[6b]"></a>_printf_input_char</STRONG> (Thumb, 10 bytes, Stack size 0 bytes, _printf_char_common.o(.text))
<BR>[Address Reference Count : 1]<UL><LI> _printf_char_common.o(.text)
</UL>
<P><STRONG><a name="[133]"></a>_fp_digits</STRONG> (Thumb, 432 bytes, Stack size 96 bytes, _printf_fp_dec.o(.text))
<BR><BR>[Stack]<UL><LI>Max Depth = 244<LI>Call Chain = _fp_digits &rArr; _btod_etento &rArr; _btod_emul &rArr; _e2e &rArr; __ieee_status
</UL>
<BR>[Calls]<UL><LI><a href="#[134]">&gt;&gt;</a>&nbsp;&nbsp;&nbsp;__ieee_status
<LI><a href="#[138]">&gt;&gt;</a>&nbsp;&nbsp;&nbsp;_btod_emul
<LI><a href="#[137]">&gt;&gt;</a>&nbsp;&nbsp;&nbsp;_btod_ediv
<LI><a href="#[136]">&gt;&gt;</a>&nbsp;&nbsp;&nbsp;_btod_d2e
<LI><a href="#[135]">&gt;&gt;</a>&nbsp;&nbsp;&nbsp;_btod_etento
<LI><a href="#[12b]">&gt;&gt;</a>&nbsp;&nbsp;&nbsp;_ll_udiv10
</UL>
<BR>[Called By]<UL><LI><a href="#[139]">&gt;&gt;</a>&nbsp;&nbsp;&nbsp;_printf_fp_dec_real
</UL>
<P>
<H3>
Undefined Global Symbols
</H3><HR></body></html>
