<html>
<body>
<pre>
<h1>µVision Build Log</h1>
<h2>Tool Versions:</h2>
IDE-Version: ¦ÌVision V5.36.0.0
Copyright (C) 2021 ARM Ltd and ARM Germany GmbH. All rights reserved.
License Information: dfg g, dfa, LIC=R7GGG-EW2BD-DM09C-KEVET-73GTI-9HM5C
 
Tool Versions:
Toolchain:       MDK-ARM Community  Version: 5.36.0.0
Toolchain Path:  C:\Keil_v5\ARM\ARMCLANG\Bin
C Compiler:      ArmClang.exe V6.16
Assembler:       Armasm.exe V6.16
Linker/Locator:  ArmLink.exe V6.16
Library Manager: ArmAr.exe V6.16
Hex Converter:   FromElf.exe V6.16
CPU DLL:         SARMCM3.DLL V5.36.0.0
Dialog DLL:      DCM.DLL V1.17.3.0
Target DLL:      CMSIS_AGDI.dll V1.33.0.0
Dialog DLL:      TCM.DLL V1.53.0.0
 
<h2>Project:</h2>
D:\STM32WL\MY_PROJ\LoRaWAN_End_Node -threadx\MDK-ARM\LoRaWAN_End_Node.uvprojx
Project File Date:  11/20/2023

<h2>Output:</h2>
*** Using Compiler 'V6.16', folder: 'C:\Keil_v5\ARM\ARMCLANG\Bin'
Rebuild target 'LoRaWAN_End_Node'
assembling startup_stm32wle5xx.s...
compiling app_threadx.c...
compiling rtc.c...
compiling stm32_lpm_if.c...
compiling main.c...
compiling dma.c...
compiling sys_debug.c...
compiling sys_sensors.c...
compiling gpio.c...
compiling usart_if.c...
compiling sys_app.c...
compiling adc.c...
compiling adc_if.c...
compiling flash_if.c...
assembling tx_initialize_low_level.S...
compiling timer_if.c...
compiling subghz.c...
compiling stm32wlxx_hal_msp.c...
compiling tim.c...
compiling radio_board_if.c...
compiling CayenneLpp.c...
compiling app_lorawan.c...
compiling usart.c...
compiling stm32wlxx_it.c...
compiling stm32wlxx_ll_adc.c...
compiling lora_info.c...
compiling stm32wlxx_hal_adc_ex.c...
compiling lora_app.c...
compiling stm32wlxx_hal_rcc_ex.c...
compiling stm32wlxx_hal_rcc.c...
compiling stm32wlxx_hal_dma_ex.c...
compiling stm32wlxx_hal_adc.c...
compiling stm32wlxx_hal_flash_ex.c...
compiling stm32wlxx_hal_flash.c...
compiling stm32wlxx_hal_gpio.c...
compiling stm32wlxx_hal_pwr_ex.c...
compiling stm32wlxx_hal_pwr.c...
compiling stm32wlxx_hal.c...
compiling stm32wlxx_hal_cortex.c...
compiling stm32wlxx_hal_dma.c...
compiling stm32wlxx_hal_exti.c...
compiling stm32wlxx_hal_rtc_ex.c...
compiling stm32wlxx_hal_rtc.c...
compiling system_stm32wlxx.c...
compiling LmhpPackagesRegistration.c...
compiling stm32wlxx_hal_subghz.c...
compiling cmac.c...
compiling lorawan_aes.c...
compiling stm32wlxx_hal_uart_ex.c...
compiling Region.c...
compiling LmhpCompliance.c...
compiling soft-se.c...
compiling stm32wlxx_hal_tim_ex.c...
compiling RegionAU915.c...
compiling RegionAS923.c...
compiling RegionBaseUS.c...
compiling stm32wlxx_hal_uart.c...
compiling RegionCN470B20.c...
compiling RegionCN470A20.c...
compiling RegionCN779.c...
compiling RegionCN470A26.c...
compiling RegionCN470.c...
compiling RegionCN470B26.c...
compiling RegionEU868.c...
compiling RegionKR920.c...
compiling RegionIN865.c...
compiling stm32wlxx_hal_tim.c...
compiling RegionEU433.c...
compiling RegionUS915.c...
compiling RegionCommon.c...
compiling RegionRU864.c...
compiling LoRaMacAdr.c...
compiling LoRaMacClassB.c...
compiling LoRaMacConfirmQueue.c...
compiling LoRaMacCommands.c...
compiling LoRaMacCrypto.c...
compiling NvmDataMgmt.c...
compiling utilities.c...
compiling LoRaMacSerializer.c...
compiling stm32_mem.c...
compiling LoRaMacParser.c...
compiling LmHandler.c...
compiling stm32_systime.c...
compiling stm32_lpm.c...
compiling stm32_adv_trace.c...
compiling stm32_tiny_sscanf.c...
compiling radio.c...
compiling stm32_timer.c...
compiling radio_fw.c...
compiling stm32_tiny_vsnprintf.c...
compiling LoRaMac.c...
compiling radio_driver.c...
compiling stm32wlxx_nucleo_radio.c...
compiling tx_execution_profile.c...
compiling stm32wlxx_nucleo.c...
compiling app_azure_rtos.c...
compiling mbfuncdiag.c...
compiling mbtcp.c...
compiling mbrtu.c...
compiling mb.c...
compiling mbfuncdisc.c...
compiling mbcrc.c...
compiling mbfuncholding.c...
compiling mbfunccoils.c...
compiling mbascii.c...
compiling mbutils.c...
compiling demo.c...
compiling portevent.c...
compiling portserial.c...
compiling mbfuncother.c...
compiling porttimer.c...
assembling tx_thread_context_restore.S...
compiling tx_initialize_high_level.c...
compiling tx_initialize_kernel_enter.c...
assembling tx_thread_interrupt_control.S...
compiling mbfuncinput.c...
compiling tx_initialize_kernel_setup.c...
assembling tx_thread_interrupt_disable.S...
assembling tx_thread_context_save.S...
compiling tx_block_allocate.c...
compiling tx_block_pool_cleanup.c...
assembling tx_thread_interrupt_restore.S...
assembling tx_thread_stack_build.S...
assembling tx_thread_system_return.S...
assembling tx_thread_schedule.S...
assembling tx_timer_interrupt.S...
compiling tx_block_pool_info_get.c...
compiling tx_block_pool_delete.c...
compiling tx_block_release.c...
compiling tx_block_pool_initialize.c...
compiling tx_byte_allocate.c...
compiling tx_byte_pool_create.c...
compiling tx_byte_pool_cleanup.c...
compiling tx_block_pool_prioritize.c...
compiling tx_byte_pool_delete.c...
compiling tx_block_pool_create.c...
compiling tx_byte_release.c...
compiling tx_byte_pool_search.c...
compiling tx_byte_pool_info_get.c...
compiling tx_byte_pool_prioritize.c...
compiling tx_event_flags_create.c...
compiling tx_event_flags_delete.c...
compiling tx_event_flags_initialize.c...
compiling tx_event_flags_get.c...
compiling tx_event_flags_cleanup.c...
compiling tx_mutex_create.c...
compiling tx_event_flags_set.c...
compiling tx_mutex_info_get.c...
compiling tx_event_flags_info_get.c...
compiling tx_event_flags_set_notify.c...
compiling tx_mutex_cleanup.c...
compiling tx_mutex_get.c...
compiling tx_mutex_prioritize.c...
compiling tx_mutex_priority_change.c...
compiling tx_mutex_put.c...
compiling tx_mutex_initialize.c...
compiling tx_queue_cleanup.c...
compiling tx_mutex_delete.c...
compiling tx_byte_pool_initialize.c...
compiling tx_queue_create.c...
compiling tx_queue_flush.c...
compiling tx_queue_delete.c...
compiling tx_queue_front_send.c...
compiling tx_queue_prioritize.c...
compiling tx_queue_info_get.c...
compiling tx_semaphore_ceiling_put.c...
compiling tx_queue_send.c...
compiling tx_queue_initialize.c...
compiling tx_semaphore_cleanup.c...
compiling tx_semaphore_create.c...
compiling tx_queue_receive.c...
compiling tx_semaphore_get.c...
compiling tx_semaphore_initialize.c...
compiling tx_semaphore_info_get.c...
compiling tx_semaphore_prioritize.c...
compiling tx_queue_send_notify.c...
compiling tx_semaphore_put.c...
compiling tx_semaphore_delete.c...
compiling tx_semaphore_put_notify.c...
compiling tx_thread_create.c...
compiling tx_thread_delete.c...
compiling tx_thread_entry_exit_notify.c...
compiling tx_thread_info_get.c...
compiling tx_thread_identify.c...
compiling tx_thread_initialize.c...
compiling tx_thread_preemption_change.c...
compiling tx_thread_priority_change.c...
compiling tx_thread_relinquish.c...
compiling tx_thread_sleep.c...
compiling tx_thread_stack_analyze.c...
compiling tx_thread_stack_error_notify.c...
compiling tx_thread_stack_error_handler.c...
compiling tx_thread_reset.c...
compiling tx_thread_suspend.c...
compiling tx_thread_system_preempt_check.c...
compiling tx_thread_shell_entry.c...
compiling tx_thread_system_suspend.c...
compiling tx_thread_time_slice_change.c...
compiling tx_thread_time_slice.c...
compiling tx_thread_resume.c...
compiling tx_thread_terminate.c...
compiling tx_thread_system_resume.c...
compiling tx_thread_timeout.c...
compiling tx_thread_wait_abort.c...
compiling tx_time_get.c...
compiling txe_block_pool_prioritize.c...
compiling txe_block_pool_delete.c...
compiling txe_block_pool_info_get.c...
compiling txe_block_release.c...
compiling txe_block_allocate.c...
compiling tx_time_set.c...
compiling txe_block_pool_create.c...
compiling txe_byte_pool_prioritize.c...
compiling txe_byte_allocate.c...
compiling txe_byte_pool_delete.c...
compiling txe_byte_pool_info_get.c...
compiling txe_byte_pool_create.c...
compiling txe_event_flags_create.c...
compiling txe_byte_release.c...
compiling txe_event_flags_get.c...
compiling txe_event_flags_set.c...
compiling txe_event_flags_info_get.c...
compiling txe_mutex_get.c...
compiling txe_mutex_delete.c...
compiling txe_event_flags_delete.c...
compiling txe_mutex_put.c...
compiling txe_event_flags_set_notify.c...
compiling txe_mutex_info_get.c...
compiling txe_queue_delete.c...
compiling txe_queue_front_send.c...
compiling txe_mutex_prioritize.c...
compiling txe_queue_flush.c...
compiling txe_mutex_create.c...
compiling txe_queue_prioritize.c...
compiling txe_queue_create.c...
compiling txe_queue_receive.c...
compiling txe_queue_info_get.c...
compiling txe_queue_send.c...
compiling txe_queue_send_notify.c...
compiling txe_semaphore_ceiling_put.c...
compiling txe_semaphore_create.c...
compiling txe_semaphore_get.c...
compiling txe_semaphore_delete.c...
compiling txe_semaphore_info_get.c...
compiling txe_semaphore_put.c...
compiling txe_semaphore_prioritize.c...
compiling txe_thread_create.c...
compiling txe_thread_delete.c...
compiling txe_thread_entry_exit_notify.c...
compiling txe_semaphore_put_notify.c...
compiling txe_thread_info_get.c...
compiling txe_thread_priority_change.c...
compiling txe_thread_preemption_change.c...
compiling txe_thread_relinquish.c...
compiling txe_thread_suspend.c...
compiling txe_thread_resume.c...
compiling txe_thread_reset.c...
compiling tx_timer_activate.c...
compiling txe_thread_wait_abort.c...
compiling tx_timer_change.c...
compiling txe_thread_time_slice_change.c...
compiling tx_timer_create.c...
compiling tx_timer_delete.c...
compiling tx_timer_expiration_process.c...
compiling txe_thread_terminate.c...
compiling tx_timer_info_get.c...
compiling tx_timer_system_deactivate.c...
compiling tx_timer_initialize.c...
compiling tx_timer_deactivate.c...
compiling tx_timer_system_activate.c...
compiling tx_timer_thread_entry.c...
compiling txe_timer_activate.c...
compiling txe_timer_create.c...
compiling txe_timer_change.c...
compiling txe_timer_deactivate.c...
compiling txe_timer_delete.c...
compiling txe_timer_info_get.c...
compiling tx_low_power.c...
linking...
Program Size: Code=113504 RO-data=4448 RW-data=400 ZI-data=58304  
"LoRaWAN_End_Node\LoRaWAN_End_Node.axf" - 0 Error(s), 0 Warning(s).

<h2>Software Packages used:</h2>

Package Vendor: ARM
                http://www.keil.com/pack/ARM.CMSIS.5.9.0.pack
                ARM.CMSIS.5.9.0
                CMSIS (Common Microcontroller Software Interface Standard)
   * Component: CORE Version: 5.6.0

Package Vendor: Keil
                http://www.keil.com/pack/Keil.STM32WLxx_DFP.1.1.0.pack
                Keil.STM32WLxx_DFP.1.1.0
                STMicroelectronics STM32WL Series Device Support

<h2>Collection of Component include folders:</h2>
  .\RTE\_LoRaWAN_End_Node
  C:\Users\30051119\AppData\Local\Arm\Packs\ARM\CMSIS\5.9.0\CMSIS\Core\Include
  C:\Users\30051119\AppData\Local\Arm\Packs\Keil\STM32WLxx_DFP\1.1.0\Drivers\CMSIS\Device\ST\STM32WLxx\Include

<h2>Collection of Component Files used:</h2>

   * Component: ARM::CMSIS:CORE:5.6.0
Build Time Elapsed:  00:00:29
</pre>
</body>
</html>
